Component: ARM Compiler 5.05 update 1 (build 106) Tool: armlink [4d0efa]

==============================================================================

Section Cross References

    main.o(.text) refers to _printf_percent.o(.ARM.Collect$$_printf_percent$$00000000) for _printf_percent
    main.o(.text) refers to _printf_d.o(.ARM.Collect$$_printf_percent$$00000009) for _printf_d
    main.o(.text) refers to _printf_dec.o(.text) for _printf_int_dec
    main.o(.text) refers to _printf_pad.o(.text) for _printf_pre_padding
    main.o(.text) refers to strstr.o(.text) for strstr
    main.o(.text) refers to stm32f10x_usart.o(.text) for USART_GetFlagStatus
    main.o(.text) refers to usart.o(.text) for UART2_SendString
    main.o(.text) refers to systick.o(.text) for Delay_nMs
    main.o(.text) refers to led.o(.text) for GPIO_Config
    main.o(.text) refers to adc.o(.text) for Adc_Init
    main.o(.text) refers to timer.o(.text) for Timer2_Init_Config
    main.o(.text) refers to oled_i2c.o(.text) for I2C_Configuration
    main.o(.text) refers to noretval__2sprintf.o(.text) for __2sprintf
    main.o(.text) refers to fflt_clz.o(x$fpl$ffltu) for __aeabi_ui2f
    main.o(.text) refers to f2d.o(x$fpl$f2d) for __aeabi_f2d
    main.o(.text) refers to dmul.o(x$fpl$dmul) for __aeabi_dmul
    main.o(.text) refers to ddiv.o(x$fpl$ddiv) for __aeabi_ddiv
    main.o(.text) refers to d2f.o(x$fpl$d2f) for __aeabi_d2f
    main.o(.text) refers to ffixu.o(x$fpl$ffixu) for __aeabi_f2uiz
    main.o(.text) refers to faddsub_clz.o(x$fpl$frsb) for __aeabi_frsub
    main.o(.text) refers to fmul.o(x$fpl$fmul) for __aeabi_fmul
    main.o(.text) refers to ffix.o(x$fpl$ffix) for __aeabi_f2iz
    main.o(.text) refers to stm32f10x_tim.o(.text) for TIM_GetITStatus
    main.o(.text) refers to main.o(.bss) for Uart2_Buf
    main.o(.text) refers to main.o(.data) for First_Int
    main.o(.text) refers to usart.o(.data) for USART1_RX_STA
    main.o(.text) refers to usart.o(.bss) for USART1_RX_BUF
    stm32f10x_it.o(.text) refers to systick.o(.text) for SysTickDelayTime_Counter
    delay.o(.text) refers to misc.o(.text) for SysTick_CLKSourceConfig
    delay.o(.text) refers to system_stm32f10x.o(.data) for SystemCoreClock
    delay.o(.text) refers to delay.o(.data) for fac_us
    usart.o(.text) refers to stm32f10x_tim.o(.text) for TIM_SetCounter
    usart.o(.text) refers to stm32f10x_rcc.o(.text) for RCC_APB1PeriphClockCmd
    usart.o(.text) refers to misc.o(.text) for NVIC_Init
    usart.o(.text) refers to stm32f10x_usart.o(.text) for USART_DeInit
    usart.o(.text) refers to stm32f10x_gpio.o(.text) for GPIO_Init
    usart.o(.text) refers to usart.o(.data) for USART1_RX_STA
    usart.o(.text) refers to usart.o(.bss) for USART1_RX_BUF
    led.o(.text) refers to stm32f10x_rcc.o(.text) for RCC_APB2PeriphClockCmd
    led.o(.text) refers to stm32f10x_gpio.o(.text) for GPIO_Init
    systick.o(.text) refers to system_stm32f10x.o(.data) for SystemCoreClock
    systick.o(.text) refers to systick.o(.data) for SysTickDelayTime
    timer.o(.text) refers to stm32f10x_rcc.o(.text) for RCC_APB1PeriphClockCmd
    timer.o(.text) refers to stm32f10x_tim.o(.text) for TIM_TimeBaseInit
    timer.o(.text) refers to misc.o(.text) for NVIC_Init
    oled_i2c.o(.text) refers to stm32f10x_rcc.o(.text) for RCC_APB1PeriphClockCmd
    oled_i2c.o(.text) refers to stm32f10x_gpio.o(.text) for GPIO_Init
    oled_i2c.o(.text) refers to stm32f10x_i2c.o(.text) for I2C_DeInit
    oled_i2c.o(.text) refers to delay.o(.text) for delay_ms
    oled_i2c.o(.text) refers to oled_i2c.o(.constdata) for F6x8
    oled_i2c.o(.text) refers to oled_i2c.o(.data) for F16x16
    adc.o(.text) refers to stm32f10x_rcc.o(.text) for RCC_APB2PeriphClockCmd
    adc.o(.text) refers to stm32f10x_gpio.o(.text) for GPIO_Init
    adc.o(.text) refers to stm32f10x_adc.o(.text) for ADC_DeInit
    adc.o(.text) refers to delay.o(.text) for delay_ms
    stm32f10x_gpio.o(.text) refers to stm32f10x_rcc.o(.text) for RCC_APB2PeriphResetCmd
    stm32f10x_rcc.o(.text) refers to stm32f10x_rcc.o(.data) for APBAHBPrescTable
    stm32f10x_tim.o(.text) refers to stm32f10x_rcc.o(.text) for RCC_APB2PeriphResetCmd
    stm32f10x_usart.o(.text) refers to stm32f10x_rcc.o(.text) for RCC_APB2PeriphResetCmd
    stm32f10x_i2c.o(.text) refers to stm32f10x_rcc.o(.text) for RCC_APB1PeriphResetCmd
    stm32f10x_adc.o(.text) refers to stm32f10x_rcc.o(.text) for RCC_APB2PeriphResetCmd
    system_stm32f10x.o(.text) refers to system_stm32f10x.o(.data) for SystemCoreClock
    startup_stm32f10x_md.o(STACK) refers (Special) to heapauxi.o(.text) for __use_two_region_memory
    startup_stm32f10x_md.o(HEAP) refers (Special) to heapauxi.o(.text) for __use_two_region_memory
    startup_stm32f10x_md.o(RESET) refers (Special) to heapauxi.o(.text) for __use_two_region_memory
    startup_stm32f10x_md.o(RESET) refers to startup_stm32f10x_md.o(STACK) for __initial_sp
    startup_stm32f10x_md.o(RESET) refers to startup_stm32f10x_md.o(.text) for Reset_Handler
[...]
    defsig_segv_inner.o(.text) refers to defsig_general.o(.text) for __default_signal_display
    defsig_other.o(.text) refers to defsig_general.o(.text) for __default_signal_display


==============================================================================

Removing Unused input sections from the image.

    Removing sys.o(.emb_text), (6 bytes).
    Removing sys.o(.text), (12 bytes).
    Removing stm32f10x_exti.o(.text), (284 bytes).
    Removing core_cm3.o(.emb_text), (32 bytes).

4 unused section(s) (total 334 bytes) removed from the image.

==============================================================================

Image Symbol Table

    Local Symbols

    Symbol Name                              Value     Ov Type        Size  Object(Section)

    ../clib/angel/boardlib.s                 0x00000000   Number         0  boardinit1.o ABSOLUTE
    ../clib/angel/boardlib.s                 0x00000000   Number         0  boardinit3.o ABSOLUTE
    ../clib/angel/boardlib.s                 0x00000000   Number         0  boardinit2.o ABSOLUTE
    ../clib/angel/boardlib.s                 0x00000000   Number         0  boardshut.o ABSOLUTE
    ../clib/angel/dczerorl2.s                0x00000000   Number         0  __dczerorl2.o ABSOLUTE
    ../clib/angel/handlers.s                 0x00000000   Number         0  __scatter_zi.o ABSOLUTE
    ../clib/angel/kernel.s                   0x00000000   Number         0  rtexit2.o ABSOLUTE
    ../clib/angel/kernel.s                   0x00000000   Number         0  __rtentry.o ABSOLUTE
    ../clib/angel/kernel.s                   0x00000000   Number         0  __rtentry2.o ABSOLUTE
    ../clib/angel/kernel.s                   0x00000000   Number         0  rtexit.o ABSOLUTE
    ../clib/angel/kernel.s                   0x00000000   Number         0  __rtentry4.o ABSOLUTE
    ../clib/angel/rt.s                       0x00000000   Number         0  rt_raise.o ABSOLUTE
    ../clib/angel/scatter.s                  0x00000000   Number         0  __scatter.o ABSOLUTE
    ../clib/angel/startup.s                  0x00000000   Number         0  __main.o ABSOLUTE
    ../clib/angel/sys.s                      0x00000000   Number         0  sys_stackheap_outer.o ABSOLUTE
    ../clib/angel/sys.s                      0x00000000   Number         0  indicate_semi.o ABSOLUTE
    ../clib/angel/sys.s                      0x00000000   Number         0  libspace.o ABSOLUTE
    ../clib/angel/sys.s                      0x00000000   Number         0  use_no_semi.o ABSOLUTE
    ../clib/angel/sysapp.c                   0x00000000   Number         0  sys_exit.o ABSOLUTE
    ../clib/angel/sysapp.c                   0x00000000   Number         0  sys_wrch.o ABSOLUTE
    ../clib/angel/sysapp.c                   0x00000000   Number         0  sys_command.o ABSOLUTE
    ../clib/armsys.c                         0x00000000   Number         0  no_argv.o ABSOLUTE
    ../clib/armsys.c                         0x00000000   Number         0  argv_veneer.o ABSOLUTE
    ../clib/armsys.c                         0x00000000   Number         0  argv_veneer.o ABSOLUTE
    ../clib/armsys.c                         0x00000000   Number         0  _get_argv_nomalloc.o ABSOLUTE
    ../clib/heapalloc.c                      0x00000000   Number         0  hrguard.o ABSOLUTE
    ../clib/heapaux.c                        0x00000000   Number         0  heapauxi.o ABSOLUTE
    ../clib/libinit.s                        0x00000000   Number         0  libinit.o ABSOLUTE
    ../clib/libinit.s                        0x00000000   Number         0  libshutdown.o ABSOLUTE
    ../clib/libinit.s                        0x00000000   Number         0  libinit2.o ABSOLUTE
    ../clib/libinit.s                        0x00000000   Number         0  libshutdown2.o ABSOLUTE
    ../clib/misc.s                           0x00000000   Number         0  printf_stubs.o ABSOLUTE
    ../clib/printf.c                         0x00000000   Number         0  _printf_char_common.o ABSOLUTE
    ../clib/printf.c                         0x00000000   Number         0  _printf_intcommon.o ABSOLUTE
    ../clib/printf.c                         0x00000000   Number         0  _printf_dec.o ABSOLUTE
    ../clib/printf.c                         0x00000000   Number         0  __printf_flags_ss_wp.o ABSOLUTE
    ../clib/printf.c                         0x00000000   Number         0  noretval__2sprintf.o ABSOLUTE
    ../clib/printf.c                         0x00000000   Number         0  __printf_wp.o ABSOLUTE
    ../clib/printf.c                         0x00000000   Number         0  __printf_ss.o ABSOLUTE
    ../clib/printf.c                         0x00000000   Number         0  __printf_flags.o ABSOLUTE
    ../clib/printf.c                         0x00000000   Number         0  __printf_flags_ss.o ABSOLUTE
    ../clib/printf.c                         0x00000000   Number         0  __printf_flags_wp.o ABSOLUTE
    ../clib/printf.c                         0x00000000   Number         0  __printf_ss_wp.o ABSOLUTE
    ../clib/printf.c                         0x00000000   Number         0  _sputc.o ABSOLUTE
    ../clib/printf.c                         0x00000000   Number         0  __printf_nopercent.o ABSOLUTE
    ../clib/printf.c                         0x00000000   Number         0  __2sprintf.o ABSOLUTE
    ../clib/printf.c                         0x00000000   Number         0  __printf.o ABSOLUTE
    ../clib/printf.c                         0x00000000   Number         0  _printf_pad.o ABSOLUTE
    ../clib/printf_percent.s                 0x00000000   Number         0  _printf_d.o ABSOLUTE
    ../clib/printf_percent.s                 0x00000000   Number         0  _printf_percent.o ABSOLUTE
    ../clib/printf_percent.s                 0x00000000   Number         0  _printf_percent_end.o ABSOLUTE
    ../clib/signal.c                         0x00000000   Number         0  defsig_rtmem_inner.o ABSOLUTE
    ../clib/signal.c                         0x00000000   Number         0  defsig_other.o ABSOLUTE
    ../clib/signal.c                         0x00000000   Number         0  defsig_fpe_inner.o ABSOLUTE
    ../clib/signal.c                         0x00000000   Number         0  defsig_general.o ABSOLUTE
    ../clib/signal.c                         0x00000000   Number         0  defsig_rtmem_formal.o ABSOLUTE
    ../clib/signal.c                         0x00000000   Number         0  defsig_rtred_inner.o ABSOLUTE
    ../clib/signal.c                         0x00000000   Number         0  defsig_exit.o ABSOLUTE
    ../clib/signal.c                         0x00000000   Number         0  defsig_stak_inner.o ABSOLUTE
    ../clib/signal.c                         0x00000000   Number         0  defsig_pvfn_inner.o ABSOLUTE
    ../clib/signal.c                         0x00000000   Number         0  defsig_cppl_inner.o ABSOLUTE
    ../clib/signal.c                         0x00000000   Number         0  __raise.o ABSOLUTE
    ../clib/signal.c                         0x00000000   Number         0  defsig_segv_inner.o ABSOLUTE
    ../clib/signal.c                         0x00000000   Number         0  defsig_abrt_inner.o ABSOLUTE
    ../clib/signal.c                         0x00000000   Number         0  defsig_rtmem_outer.o ABSOLUTE
    ../clib/signal.s                         0x00000000   Number         0  defsig.o ABSOLUTE
    ../clib/stdlib.c                         0x00000000   Number         0  exit.o ABSOLUTE
    ../clib/string.c                         0x00000000   Number         0  strstr.o ABSOLUTE
    ../fplib/d2f.s                           0x00000000   Number         0  d2f.o ABSOLUTE
    ../fplib/ddiv.s                          0x00000000   Number         0  ddiv.o ABSOLUTE
    ../fplib/dmul.s                          0x00000000   Number         0  dmul.o ABSOLUTE
    ../fplib/dnaninf.s                       0x00000000   Number         0  dnaninf.o ABSOLUTE
    ../fplib/dretinf.s                       0x00000000   Number         0  dretinf.o ABSOLUTE
    ../fplib/f2d.s                           0x00000000   Number         0  f2d.o ABSOLUTE
    ../fplib/faddsub.s                       0x00000000   Number         0  faddsub_clz.o ABSOLUTE
    ../fplib/ffix.s                          0x00000000   Number         0  ffix.o ABSOLUTE
    ../fplib/ffixu.s                         0x00000000   Number         0  ffixu.o ABSOLUTE
    ../fplib/fflt.s                          0x00000000   Number         0  fflt_clz.o ABSOLUTE
    ../fplib/fmul.s                          0x00000000   Number         0  fmul.o ABSOLUTE
    ../fplib/fnaninf.s                       0x00000000   Number         0  fnaninf.o ABSOLUTE
    ../fplib/fpinit.s                        0x00000000   Number         0  fpinit.o ABSOLUTE
    ../fplib/fretinf.s                       0x00000000   Number         0  fretinf.o ABSOLUTE
    ../fplib/usenofp.s                       0x00000000   Number         0  usenofp.o ABSOLUTE
    ..\BSP\ADC\adc.c                         0x00000000   Number         0  adc.o ABSOLUTE
    ..\BSP\LED\Led.c                         0x00000000   Number         0  led.o ABSOLUTE
    ..\BSP\OLED\OLED_I2C.c                   0x00000000   Number         0  oled_i2c.o ABSOLUTE
    ..\BSP\SysTick\SysTick.c                 0x00000000   Number         0  systick.o ABSOLUTE
    ..\BSP\TIMER\timer.c                     0x00000000   Number         0  timer.o ABSOLUTE
    ..\BSP\USART\usart.c                     0x00000000   Number         0  usart.o ABSOLUTE
    ..\BSP\delay\delay.c                     0x00000000   Number         0  delay.o ABSOLUTE
    ..\BSP\sys\sys.c                         0x00000000   Number         0  sys.o ABSOLUTE
    ..\CMSIS\core_cm3.c                      0x00000000   Number         0  core_cm3.o ABSOLUTE
    ..\CMSIS\startup\arm\startup_stm32f10x_md.s 0x00000000   Number         0  startup_stm32f10x_md.o ABSOLUTE
    ..\CMSIS\system_stm32f10x.c              0x00000000   Number         0  system_stm32f10x.o ABSOLUTE
    ..\LIB\src\misc.c                        0x00000000   Number         0  misc.o ABSOLUTE
    ..\LIB\src\stm32f10x_adc.c               0x00000000   Number         0  stm32f10x_adc.o ABSOLUTE
    ..\LIB\src\stm32f10x_exti.c              0x00000000   Number         0  stm32f10x_exti.o ABSOLUTE
    ..\LIB\src\stm32f10x_gpio.c              0x00000000   Number         0  stm32f10x_gpio.o ABSOLUTE
    ..\LIB\src\stm32f10x_i2c.c               0x00000000   Number         0  stm32f10x_i2c.o ABSOLUTE
    ..\LIB\src\stm32f10x_rcc.c               0x00000000   Number         0  stm32f10x_rcc.o ABSOLUTE
    ..\LIB\src\stm32f10x_tim.c               0x00000000   Number         0  stm32f10x_tim.o ABSOLUTE
    ..\LIB\src\stm32f10x_usart.c             0x00000000   Number         0  stm32f10x_usart.o ABSOLUTE
    ..\\BSP\\sys\\sys.c                      0x00000000   Number         0  sys.o ABSOLUTE
    ..\\CMSIS\\core_cm3.c                    0x00000000   Number         0  core_cm3.o ABSOLUTE
    dc.s                                     0x00000000   Number         0  dc.o ABSOLUTE
    main.c                                   0x00000000   Number         0  main.o ABSOLUTE
    stm32f10x_it.c                           0x00000000   Number         0  stm32f10x_it.o ABSOLUTE
    RESET                                    0x08000000   Section      236  startup_stm32f10x_md.o(RESET)
    !!!main                                  0x080000ec   Section        8  __main.o(!!!main)
    !!!scatter                               0x080000f4   Section       52  __scatter.o(!!!scatter)
    !!dczerorl2                              0x08000128   Section       90  __dczerorl2.o(!!dczerorl2)
    !!handler_zi                             0x08000184   Section       28  __scatter_zi.o(!!handler_zi)
    .ARM.Collect$$_printf_percent$$00000000  0x080001a0   Section        0  _printf_percent.o(.ARM.Collect$$_printf_percent$$00000000)
    .ARM.Collect$$_printf_percent$$00000009  0x080001a0   Section        6  _printf_d.o(.ARM.Collect$$_printf_percent$$00000009)
    .ARM.Collect$$_printf_percent$$00000017  0x080001a6   Section        4  _printf_percent_end.o(.ARM.Collect$$_printf_percent$$00000017)
    .ARM.Collect$$libinit$$00000000          0x080001aa   Section        2  libinit.o(.ARM.Collect$$libinit$$00000000)
    .ARM.Collect$$libinit$$00000002          0x080001ac   Section        0  libinit2.o(.ARM.Collect$$libinit$$00000002)
    .ARM.Collect$$libinit$$00000004          0x080001ac   Section        0  libinit2.o(.ARM.Collect$$libinit$$00000004)
    .ARM.Collect$$libinit$$0000000A          0x080001ac   Section        0  libinit2.o(.ARM.Collect$$libinit$$0000000A)
    .ARM.Collect$$libinit$$0000000C          0x080001ac   Section        0  libinit2.o(.ARM.Collect$$libinit$$0000000C)
    .ARM.Collect$$libinit$$0000000E          0x080001ac   Section        0  libinit2.o(.ARM.Collect$$libinit$$0000000E)
    .ARM.Collect$$libinit$$00000011          0x080001ac   Section        0  libinit2.o(.ARM.Collect$$libinit$$00000011)
    .ARM.Collect$$libinit$$00000013          0x080001ac   Section        0  libinit2.o(.ARM.Collect$$libinit$$00000013)
    .ARM.Collect$$libinit$$00000015          0x080001ac   Section        0  libinit2.o(.ARM.Collect$$libinit$$00000015)
    .ARM.Collect$$libinit$$00000017          0x080001ac   Section        0  libinit2.o(.ARM.Collect$$libinit$$00000017)
    .ARM.Collect$$libinit$$00000019          0x080001ac   Section        0  libinit2.o(.ARM.Collect$$libinit$$00000019)
    .ARM.Collect$$libinit$$0000001B          0x080001ac   Section        0  libinit2.o(.ARM.Collect$$libinit$$0000001B)
    .ARM.Collect$$libinit$$0000001D          0x080001ac   Section        0  libinit2.o(.ARM.Collect$$libinit$$0000001D)
    .ARM.Collect$$libinit$$0000001F          0x080001ac   Section        0  libinit2.o(.ARM.Collect$$libinit$$0000001F)
    .ARM.Collect$$libinit$$00000021          0x080001ac   Section        0  libinit2.o(.ARM.Collect$$libinit$$00000021)
    .ARM.Collect$$libinit$$00000023          0x080001ac   Section        0  libinit2.o(.ARM.Collect$$libinit$$00000023)
    .ARM.Collect$$libinit$$00000025          0x080001ac   Section        0  libinit2.o(.ARM.Collect$$libinit$$00000025)
    .ARM.Collect$$libinit$$0000002C          0x080001ac   Section        0  libinit2.o(.ARM.Collect$$libinit$$0000002C)
    .ARM.Collect$$libinit$$0000002E          0x080001ac   Section        0  libinit2.o(.ARM.Collect$$libinit$$0000002E)
    .ARM.Collect$$libinit$$00000030          0x080001ac   Section        0  libinit2.o(.ARM.Collect$$libinit$$00000030)
    .ARM.Collect$$libinit$$00000032          0x080001ac   Section        0  libinit2.o(.ARM.Collect$$libinit$$00000032)
    .ARM.Collect$$libinit$$00000033          0x080001ac   Section        2  libinit2.o(.ARM.Collect$$libinit$$00000033)
    .ARM.Collect$$libshutdown$$00000000      0x080001ae   Section        2  libshutdown.o(.ARM.Collect$$libshutdown$$00000000)
    .ARM.Collect$$libshutdown$$00000003      0x080001b0   Section        0  libshutdown2.o(.ARM.Collect$$libshutdown$$00000003)
    .ARM.Collect$$libshutdown$$00000006      0x080001b0   Section        0  libshutdown2.o(.ARM.Collect$$libshutdown$$00000006)
    .ARM.Collect$$libshutdown$$00000009      0x080001b0   Section        0  libshutdown2.o(.ARM.Collect$$libshutdown$$00000009)
    .ARM.Collect$$libshutdown$$0000000B      0x080001b0   Section        0  libshutdown2.o(.ARM.Collect$$libshutdown$$0000000B)
    .ARM.Collect$$libshutdown$$0000000E      0x080001b0   Section        0  libshutdown2.o(.ARM.Collect$$libshutdown$$0000000E)
    .ARM.Collect$$libshutdown$$0000000F      0x080001b0   Section        2  libshutdown2.o(.ARM.Collect$$libshutdown$$0000000F)
    .ARM.Collect$$rtentry$$00000000          0x080001b2   Section        0  __rtentry.o(.ARM.Collect$$rtentry$$00000000)
    .ARM.Collect$$rtentry$$00000002          0x080001b2   Section        0  __rtentry2.o(.ARM.Collect$$rtentry$$00000002)
    .ARM.Collect$$rtentry$$00000004          0x080001b2   Section        6  __rtentry4.o(.ARM.Collect$$rtentry$$00000004)
    .ARM.Collect$$rtentry$$00000009          0x080001b8   Section        0  __rtentry2.o(.ARM.Collect$$rtentry$$00000009)
    .ARM.Collect$$rtentry$$0000000A          0x080001b8   Section        4  __rtentry2.o(.ARM.Collect$$rtentry$$0000000A)
    .ARM.Collect$$rtentry$$0000000C          0x080001bc   Section        0  __rtentry2.o(.ARM.Collect$$rtentry$$0000000C)
    .ARM.Collect$$rtentry$$0000000D          0x080001bc   Section        8  __rtentry2.o(.ARM.Collect$$rtentry$$0000000D)
    .ARM.Collect$$rtexit$$00000000           0x080001c4   Section        2  rtexit.o(.ARM.Collect$$rtexit$$00000000)
    .ARM.Collect$$rtexit$$00000002           0x080001c6   Section        0  rtexit2.o(.ARM.Collect$$rtexit$$00000002)
    .ARM.Collect$$rtexit$$00000003           0x080001c6   Section        4  rtexit2.o(.ARM.Collect$$rtexit$$00000003)
    .ARM.Collect$$rtexit$$00000004           0x080001ca   Section        6  rtexit2.o(.ARM.Collect$$rtexit$$00000004)
    .text                                    0x080001d0   Section        0  main.o(.text)
    .text                                    0x080005cc   Section        0  stm32f10x_it.o(.text)
    .text                                    0x080005ec   Section        0  delay.o(.text)
    .text                                    0x080006c0   Section        0  usart.o(.text)
    .text                                    0x08000984   Section        0  led.o(.text)
    .text                                    0x080009b0   Section        0  systick.o(.text)
    .text                                    0x08000a84   Section        0  timer.o(.text)
    .text                                    0x08000ae0   Section        0  oled_i2c.o(.text)
    .text                                    0x08000efc   Section        0  adc.o(.text)
    .text                                    0x08000fe4   Section        0  misc.o(.text)
    .text                                    0x080010c0   Section        0  stm32f10x_gpio.o(.text)
    .text                                    0x0800141c   Section        0  stm32f10x_rcc.o(.text)
    .text                                    0x080017c0   Section        0  stm32f10x_tim.o(.text)
    TI4_Config                               0x08001c67   Thumb Code   130  stm32f10x_tim.o(.text)
    TI3_Config                               0x08001cfb   Thumb Code   122  stm32f10x_tim.o(.text)
    TI2_Config                               0x08001d8f   Thumb Code   130  stm32f10x_tim.o(.text)
    TI1_Config                               0x08001e23   Thumb Code   108  stm32f10x_tim.o(.text)
    .text                                    0x080025dc   Section        0  stm32f10x_usart.o(.text)
    .text                                    0x080029e4   Section        0  stm32f10x_i2c.o(.text)
    .text                                    0x08002de8   Section        0  stm32f10x_adc.o(.text)
    .text                                    0x08003238   Section        0  system_stm32f10x.o(.text)
    SetSysClockTo72                          0x08003239   Thumb Code   214  system_stm32f10x.o(.text)
    SetSysClock                              0x0800330f   Thumb Code     8  system_stm32f10x.o(.text)
    .text                                    0x08003418   Section       64  startup_stm32f10x_md.o(.text)
    .text                                    0x08003458   Section        0  noretval__2sprintf.o(.text)
    .text                                    0x08003480   Section        0  _printf_pad.o(.text)
    .text                                    0x080034d0   Section        0  _printf_dec.o(.text)
    .text                                    0x08003548   Section        0  __printf_flags_wp.o(.text)
    .text                                    0x08003680   Section        0  strstr.o(.text)
    .text                                    0x080036a4   Section        0  heapauxi.o(.text)
    .text                                    0x080036aa   Section        0  _printf_intcommon.o(.text)
    .text                                    0x0800375c   Section        0  _printf_char_common.o(.text)
    _printf_input_char                       0x0800375d   Thumb Code    10  _printf_char_common.o(.text)
    .text                                    0x0800378c   Section        0  _sputc.o(.text)
    .text                                    0x08003796   Section       74  sys_stackheap_outer.o(.text)
    .text                                    0x080037e0   Section        0  exit.o(.text)
    .text                                    0x080037ec   Section        8  libspace.o(.text)
    .text                                    0x080037f4   Section        0  sys_exit.o(.text)
    .text                                    0x08003800   Section        2  use_no_semi.o(.text)
    .text                                    0x08003802   Section        0  indicate_semi.o(.text)
    i._is_digit                              0x08003802   Section        0  __printf_wp.o(i._is_digit)
    x$fpl$d2f                                0x08003810   Section       98  d2f.o(x$fpl$d2f)
    x$fpl$ddiv                               0x08003874   Section      688  ddiv.o(x$fpl$ddiv)
    ddiv_entry                               0x0800387b   Thumb Code     0  ddiv.o(x$fpl$ddiv)
    x$fpl$dmul                               0x08003b24   Section      340  dmul.o(x$fpl$dmul)
    x$fpl$dnaninf                            0x08003c78   Section      156  dnaninf.o(x$fpl$dnaninf)
    x$fpl$dretinf                            0x08003d14   Section       12  dretinf.o(x$fpl$dretinf)
    x$fpl$f2d                                0x08003d20   Section       86  f2d.o(x$fpl$f2d)
    x$fpl$fadd                               0x08003d78   Section      196  faddsub_clz.o(x$fpl$fadd)
    _fadd1                                   0x08003d87   Thumb Code     0  faddsub_clz.o(x$fpl$fadd)
    x$fpl$ffix                               0x08003e3c   Section       54  ffix.o(x$fpl$ffix)
    x$fpl$ffixu                              0x08003e74   Section       62  ffixu.o(x$fpl$ffixu)
    x$fpl$ffltu                              0x08003eb4   Section       38  fflt_clz.o(x$fpl$ffltu)
    x$fpl$fmul                               0x08003edc   Section      258  fmul.o(x$fpl$fmul)
    x$fpl$fnaninf                            0x08003fde   Section      140  fnaninf.o(x$fpl$fnaninf)
    x$fpl$fretinf                            0x0800406a   Section       10  fretinf.o(x$fpl$fretinf)
    x$fpl$frsb                               0x08004074   Section       20  faddsub_clz.o(x$fpl$frsb)
    x$fpl$fsub                               0x08004088   Section      234  faddsub_clz.o(x$fpl$fsub)
    _fsub1                                   0x08004097   Thumb Code     0  faddsub_clz.o(x$fpl$fsub)
    .constdata                               0x08004172   Section     2072  oled_i2c.o(.constdata)
    x$fpl$usenofp                            0x08004172   Section        0  usenofp.o(x$fpl$usenofp)
    .constdata                               0x0800498a   Section       17  __printf_flags_wp.o(.constdata)
    maptable                                 0x0800498a   Data          17  __printf_flags_wp.o(.constdata)
    .data                                    0x20000000   Section       21  main.o(.data)
    flag                                     0x20000014   Data           1  main.o(.data)
    .data                                    0x20000016   Section        4  delay.o(.data)
    fac_us                                   0x20000016   Data           1  delay.o(.data)
    fac_ms                                   0x20000018   Data           2  delay.o(.data)
    .data                                    0x2000001a   Section        6  usart.o(.data)
    .data                                    0x20000020   Section        4  systick.o(.data)
    SysTickDelayTime                         0x20000020   Data           4  systick.o(.data)
    .data                                    0x20000024   Section     1184  oled_i2c.o(.data)
    .data                                    0x200004c4   Section       20  stm32f10x_rcc.o(.data)
    APBAHBPrescTable                         0x200004c4   Data          16  stm32f10x_rcc.o(.data)
    ADCPrescTable                            0x200004d4   Data           4  stm32f10x_rcc.o(.data)
    .data                                    0x200004d8   Section       20  system_stm32f10x.o(.data)
    .bss                                     0x200004ec   Section      464  main.o(.bss)
    .bss                                     0x200006bc   Section      400  usart.o(.bss)
    .bss                                     0x2000084c   Section       96  libspace.o(.bss)
    HEAP                                     0x200008b0   Section      512  startup_stm32f10x_md.o(HEAP)
    Heap_Mem                                 0x200008b0   Data         512  startup_stm32f10x_md.o(HEAP)
    STACK                                    0x20000ab0   Section     1024  startup_stm32f10x_md.o(STACK)
    Stack_Mem                                0x20000ab0   Data        1024  startup_stm32f10x_md.o(STACK)
    __initial_sp                             0x20000eb0   Data           0  startup_stm32f10x_md.o(STACK)

    Global Symbols

    Symbol Name                              Value     Ov Type        Size  Object(Section)

    BuildAttributes$$THM_ISAv4$P$D$K$B$S$PE$A:L22UL41UL21$X:L11$S22US41US21$IEEE1$IW$USESV6$~STKCKD$USESV7$~SHL$OSPACE$ROPI$EBA8$UX$STANDARDLIB$REQ8$PRES8$EABIv2 0x00000000   Number         0  anon$$obj.o ABSOLUTE
    __ARM_use_no_argv                        0x00000000   Number         0  main.o ABSOLUTE
    _printf_flags                            0x00000000   Number         0  printf_stubs.o ABSOLUTE
    _printf_return_value                     0x00000000   Number         0  printf_stubs.o ABSOLUTE
    _printf_sizespec                         0x00000000   Number         0  printf_stubs.o ABSOLUTE
    _printf_widthprec                        0x00000000   Number         0  printf_stubs.o ABSOLUTE
    __ARM_exceptions_init                     - Undefined Weak Reference
    __alloca_initialize                       - Undefined Weak Reference
    __arm_preinit_                            - Undefined Weak Reference
    __cpp_initialize__aeabi_                  - Undefined Weak Reference
    __cxa_finalize                            - Undefined Weak Reference
    __rt_locale                               - Undefined Weak Reference
    __sigvec_lookup                           - Undefined Weak Reference
    _atexit_init                              - Undefined Weak Reference
    _call_atexit_fns                          - Undefined Weak Reference
    _clock_init                               - Undefined Weak Reference
    _fp_trap_init                             - Undefined Weak Reference
    _fp_trap_shutdown                         - Undefined Weak Reference
    _get_lc_collate                           - Undefined Weak Reference
    _get_lc_ctype                             - Undefined Weak Reference
    _get_lc_monetary                          - Undefined Weak Reference
    _get_lc_numeric                           - Undefined Weak Reference
    _get_lc_time                              - Undefined Weak Reference
    _getenv_init                              - Undefined Weak Reference
    _handle_redirection                       - Undefined Weak Reference
    _init_alloc                               - Undefined Weak Reference
    _init_user_alloc                          - Undefined Weak Reference
    _initio                                   - Undefined Weak Reference
    _printf_truncate_signed                   - Undefined Weak Reference
    _printf_truncate_unsigned                 - Undefined Weak Reference
    _rand_init                                - Undefined Weak Reference
    _signal_finish                            - Undefined Weak Reference
    _signal_init                              - Undefined Weak Reference
    _terminate_alloc                          - Undefined Weak Reference
    _terminate_user_alloc                     - Undefined Weak Reference
    _terminateio                              - Undefined Weak Reference
    __Vectors_Size                           0x000000ec   Number         0  startup_stm32f10x_md.o ABSOLUTE
    __Vectors                                0x08000000   Data           4  startup_stm32f10x_md.o(RESET)
    __Vectors_End                            0x080000ec   Data           0  startup_stm32f10x_md.o(RESET)
    __main                                   0x080000ed   Thumb Code     8  __main.o(!!!main)
    __scatterload                            0x080000f5   Thumb Code     0  __scatter.o(!!!scatter)
    __scatterload_rt2                        0x080000f5   Thumb Code    44  __scatter.o(!!!scatter)
    __scatterload_rt2_thumb_only             0x080000f5   Thumb Code     0  __scatter.o(!!!scatter)
    __scatterload_null                       0x08000103   Thumb Code     0  __scatter.o(!!!scatter)
    __decompress                             0x08000129   Thumb Code    90  __dczerorl2.o(!!dczerorl2)
    __decompress1                            0x08000129   Thumb Code     0  __dczerorl2.o(!!dczerorl2)
    __scatterload_zeroinit                   0x08000185   Thumb Code    28  __scatter_zi.o(!!handler_zi)
    _printf_d                                0x080001a1   Thumb Code     0  _printf_d.o(.ARM.Collect$$_printf_percent$$00000009)
    _printf_percent                          0x080001a1   Thumb Code     0  _printf_percent.o(.ARM.Collect$$_printf_percent$$00000000)
    _printf_percent_end                      0x080001a7   Thumb Code     0  _printf_percent_end.o(.ARM.Collect$$_printf_percent$$00000017)
    __rt_lib_init                            0x080001ab   Thumb Code     0  libinit.o(.ARM.Collect$$libinit$$00000000)
    __rt_lib_init_alloca_1                   0x080001ad   Thumb Code     0  libinit2.o(.ARM.Collect$$libinit$$0000002E)
    __rt_lib_init_argv_1                     0x080001ad   Thumb Code     0  libinit2.o(.ARM.Collect$$libinit$$0000002C)
    __rt_lib_init_atexit_1                   0x080001ad   Thumb Code     0  libinit2.o(.ARM.Collect$$libinit$$0000001B)
    __rt_lib_init_clock_1                    0x080001ad   Thumb Code     0  libinit2.o(.ARM.Collect$$libinit$$00000021)
    __rt_lib_init_cpp_1                      0x080001ad   Thumb Code     0  libinit2.o(.ARM.Collect$$libinit$$00000032)
    __rt_lib_init_exceptions_1               0x080001ad   Thumb Code     0  libinit2.o(.ARM.Collect$$libinit$$00000030)
    __rt_lib_init_fp_1                       0x080001ad   Thumb Code     0  libinit2.o(.ARM.Collect$$libinit$$00000002)
    __rt_lib_init_fp_trap_1                  0x080001ad   Thumb Code     0  libinit2.o(.ARM.Collect$$libinit$$0000001F)
    __rt_lib_init_getenv_1                   0x080001ad   Thumb Code     0  libinit2.o(.ARM.Collect$$libinit$$00000023)
    __rt_lib_init_heap_1                     0x080001ad   Thumb Code     0  libinit2.o(.ARM.Collect$$libinit$$0000000A)
    __rt_lib_init_lc_collate_1               0x080001ad   Thumb Code     0  libinit2.o(.ARM.Collect$$libinit$$00000011)
    __rt_lib_init_lc_ctype_1                 0x080001ad   Thumb Code     0  libinit2.o(.ARM.Collect$$libinit$$00000013)
    __rt_lib_init_lc_monetary_1              0x080001ad   Thumb Code     0  libinit2.o(.ARM.Collect$$libinit$$00000015)
    __rt_lib_init_lc_numeric_1               0x080001ad   Thumb Code     0  libinit2.o(.ARM.Collect$$libinit$$00000017)
    __rt_lib_init_lc_time_1                  0x080001ad   Thumb Code     0  libinit2.o(.ARM.Collect$$libinit$$00000019)
    __rt_lib_init_preinit_1                  0x080001ad   Thumb Code     0  libinit2.o(.ARM.Collect$$libinit$$00000004)
    __rt_lib_init_rand_1                     0x080001ad   Thumb Code     0  libinit2.o(.ARM.Collect$$libinit$$0000000E)
    __rt_lib_init_return                     0x080001ad   Thumb Code     0  libinit2.o(.ARM.Collect$$libinit$$00000033)
    __rt_lib_init_signal_1                   0x080001ad   Thumb Code     0  libinit2.o(.ARM.Collect$$libinit$$0000001D)
    __rt_lib_init_stdio_1                    0x080001ad   Thumb Code     0  libinit2.o(.ARM.Collect$$libinit$$00000025)
    __rt_lib_init_user_alloc_1               0x080001ad   Thumb Code     0  libinit2.o(.ARM.Collect$$libinit$$0000000C)
    __rt_lib_shutdown                        0x080001af   Thumb Code     0  libshutdown.o(.ARM.Collect$$libshutdown$$00000000)
    __rt_lib_shutdown_fp_trap_1              0x080001b1   Thumb Code     0  libshutdown2.o(.ARM.Collect$$libshutdown$$00000006)
    __rt_lib_shutdown_heap_1                 0x080001b1   Thumb Code     0  libshutdown2.o(.ARM.Collect$$libshutdown$$0000000E)
    __rt_lib_shutdown_return                 0x080001b1   Thumb Code     0  libshutdown2.o(.ARM.Collect$$libshutdown$$0000000F)
    __rt_lib_shutdown_signal_1               0x080001b1   Thumb Code     0  libshutdown2.o(.ARM.Collect$$libshutdown$$00000009)
    __rt_lib_shutdown_stdio_1                0x080001b1   Thumb Code     0  libshutdown2.o(.ARM.Collect$$libshutdown$$00000003)
    __rt_lib_shutdown_user_alloc_1           0x080001b1   Thumb Code     0  libshutdown2.o(.ARM.Collect$$libshutdown$$0000000B)
    __rt_entry                               0x080001b3   Thumb Code     0  __rtentry.o(.ARM.Collect$$rtentry$$00000000)
    __rt_entry_presh_1                       0x080001b3   Thumb Code     0  __rtentry2.o(.ARM.Collect$$rtentry$$00000002)
    __rt_entry_sh                            0x080001b3   Thumb Code     0  __rtentry4.o(.ARM.Collect$$rtentry$$00000004)
    __rt_entry_li                            0x080001b9   Thumb Code     0  __rtentry2.o(.ARM.Collect$$rtentry$$0000000A)
    __rt_entry_postsh_1                      0x080001b9   Thumb Code     0  __rtentry2.o(.ARM.Collect$$rtentry$$00000009)
    __rt_entry_main                          0x080001bd   Thumb Code     0  __rtentry2.o(.ARM.Collect$$rtentry$$0000000D)
    __rt_entry_postli_1                      0x080001bd   Thumb Code     0  __rtentry2.o(.ARM.Collect$$rtentry$$0000000C)
    __rt_exit                                0x080001c5   Thumb Code     0  rtexit.o(.ARM.Collect$$rtexit$$00000000)
    __rt_exit_ls                             0x080001c7   Thumb Code     0  rtexit2.o(.ARM.Collect$$rtexit$$00000003)
    __rt_exit_prels_1                        0x080001c7   Thumb Code     0  rtexit2.o(.ARM.Collect$$rtexit$$00000002)
    __rt_exit_exit                           0x080001cb   Thumb Code     0  rtexit2.o(.ARM.Collect$$rtexit$$00000004)
    CLR_Buf2                                 0x080001d1   Thumb Code    26  main.o(.text)
    Find                                     0x080001eb   Thumb Code    22  main.o(.text)
    Second_AT_Command                        0x08000201   Thumb Code   112  main.o(.text)
    Send_TCP                                 0x08000271   Thumb Code    34  main.o(.text)
    Init_TCP                                 0x08000293   Thumb Code    34  main.o(.text)
    Wait_CREG                                0x080002b5   Thumb Code    94  main.o(.text)
    main                                     0x08000313   Thumb Code   344  main.o(.text)
    USART2_IRQHandler                        0x0800046b   Thumb Code    44  main.o(.text)
    TIM2_IRQHandler                          0x08000497   Thumb Code    80  main.o(.text)
    NMI_Handler                              0x080005cd   Thumb Code     2  stm32f10x_it.o(.text)
    HardFault_Handler                        0x080005cf   Thumb Code     4  stm32f10x_it.o(.text)
    MemManage_Handler                        0x080005d3   Thumb Code     4  stm32f10x_it.o(.text)
    BusFault_Handler                         0x080005d7   Thumb Code     4  stm32f10x_it.o(.text)
    UsageFault_Handler                       0x080005db   Thumb Code     4  stm32f10x_it.o(.text)
    SVC_Handler                              0x080005df   Thumb Code     2  stm32f10x_it.o(.text)
    DebugMon_Handler                         0x080005e1   Thumb Code     2  stm32f10x_it.o(.text)
    PendSV_Handler                           0x080005e3   Thumb Code     2  stm32f10x_it.o(.text)
    SysTick_Handler                          0x080005e5   Thumb Code     8  stm32f10x_it.o(.text)
    delay_init                               0x080005ed   Thumb Code    50  delay.o(.text)
    delay_us                                 0x0800061f   Thumb Code    72  delay.o(.text)
    delay_ms                                 0x08000667   Thumb Code    72  delay.o(.text)
    TIM4_Set                                 0x080006c1   Thumb Code    34  usart.o(.text)
    TIM4_Init                                0x080006e3   Thumb Code    82  usart.o(.text)
    USART1_Init_Config                       0x08000735   Thumb Code   184  usart.o(.text)
    UART1_SendString                         0x080007ed   Thumb Code    38  usart.o(.text)
    USART1_IRQHandler                        0x08000813   Thumb Code    82  usart.o(.text)
    TIM4_IRQHandler                          0x08000865   Thumb Code    40  usart.o(.text)
    USART2_Init_Config                       0x0800088d   Thumb Code   170  usart.o(.text)
    UART2_SendString                         0x08000937   Thumb Code    52  usart.o(.text)
    GPIO_Config                              0x08000985   Thumb Code    40  led.o(.text)
    SysTick_Init_Config                      0x080009b1   Thumb Code   108  systick.o(.text)
    Delay_nMs                                0x08000a1d   Thumb Code    32  systick.o(.text)
    Delay_nS                                 0x08000a3d   Thumb Code    38  systick.o(.text)
    SysTickDelayTime_Counter                 0x08000a63   Thumb Code    18  systick.o(.text)
    Timer2_Init_Config                       0x08000a85   Thumb Code    92  timer.o(.text)
    I2C_Configuration                        0x08000ae1   Thumb Code   110  oled_i2c.o(.text)
    I2C_WriteByte                            0x08000b4f   Thumb Code   126  oled_i2c.o(.text)
    WriteCmd                                 0x08000bcd   Thumb Code    14  oled_i2c.o(.text)
    WriteDat                                 0x08000bdb   Thumb Code    14  oled_i2c.o(.text)
    OLED_Init                                0x08000be9   Thumb Code   178  oled_i2c.o(.text)
    OLED_SetPos                              0x08000c9b   Thumb Code    40  oled_i2c.o(.text)
    OLED_Fill                                0x08000cc3   Thumb Code    58  oled_i2c.o(.text)
    OLED_CLS                                 0x08000cfd   Thumb Code    10  oled_i2c.o(.text)
    OLED_ON                                  0x08000d07   Thumb Code    22  oled_i2c.o(.text)
    OLED_OFF                                 0x08000d1d   Thumb Code    22  oled_i2c.o(.text)
    OLED_ShowStr                             0x08000d33   Thumb Code   228  oled_i2c.o(.text)
    OLED_ShowCN                              0x08000e17   Thumb Code    80  oled_i2c.o(.text)
    OLED_DrawBMP                             0x08000e67   Thumb Code   116  oled_i2c.o(.text)
    Adc_Init                                 0x08000efd   Thumb Code   132  adc.o(.text)
    Get_Adc                                  0x08000f81   Thumb Code    46  adc.o(.text)
    Get_Adc_Average                          0x08000faf   Thumb Code    46  adc.o(.text)
    NVIC_PriorityGroupConfig                 0x08000fe5   Thumb Code    10  misc.o(.text)
    NVIC_Init                                0x08000fef   Thumb Code   100  misc.o(.text)
    NVIC_SetVectorTable                      0x08001053   Thumb Code    14  misc.o(.text)
    NVIC_SystemLPConfig                      0x08001061   Thumb Code    34  misc.o(.text)
    SysTick_CLKSourceConfig                  0x08001083   Thumb Code    40  misc.o(.text)
    GPIO_DeInit                              0x080010c1   Thumb Code   172  stm32f10x_gpio.o(.text)
    GPIO_AFIODeInit                          0x0800116d   Thumb Code    20  stm32f10x_gpio.o(.text)
    GPIO_Init                                0x08001181   Thumb Code   278  stm32f10x_gpio.o(.text)
    GPIO_StructInit                          0x08001297   Thumb Code    16  stm32f10x_gpio.o(.text)
    GPIO_ReadInputDataBit                    0x080012a7   Thumb Code    18  stm32f10x_gpio.o(.text)
    GPIO_ReadInputData                       0x080012b9   Thumb Code     8  stm32f10x_gpio.o(.text)
    GPIO_ReadOutputDataBit                   0x080012c1   Thumb Code    18  stm32f10x_gpio.o(.text)
    GPIO_ReadOutputData                      0x080012d3   Thumb Code     8  stm32f10x_gpio.o(.text)
    GPIO_SetBits                             0x080012db   Thumb Code     4  stm32f10x_gpio.o(.text)
    GPIO_ResetBits                           0x080012df   Thumb Code     4  stm32f10x_gpio.o(.text)
    GPIO_WriteBit                            0x080012e3   Thumb Code    10  stm32f10x_gpio.o(.text)
    GPIO_Write                               0x080012ed   Thumb Code     4  stm32f10x_gpio.o(.text)
    GPIO_PinLockConfig                       0x080012f1   Thumb Code    18  stm32f10x_gpio.o(.text)
    GPIO_EventOutputConfig                   0x08001303   Thumb Code    26  stm32f10x_gpio.o(.text)
    GPIO_EventOutputCmd                      0x0800131d   Thumb Code     6  stm32f10x_gpio.o(.text)
    GPIO_PinRemapConfig                      0x08001323   Thumb Code   138  stm32f10x_gpio.o(.text)
    GPIO_EXTILineConfig                      0x080013ad   Thumb Code    66  stm32f10x_gpio.o(.text)
    GPIO_ETH_MediaInterfaceConfig            0x080013ef   Thumb Code     8  stm32f10x_gpio.o(.text)
    RCC_DeInit                               0x0800141d   Thumb Code    64  stm32f10x_rcc.o(.text)
    RCC_HSEConfig                            0x0800145d   Thumb Code    70  stm32f10x_rcc.o(.text)
    RCC_GetFlagStatus                        0x080014a3   Thumb Code    56  stm32f10x_rcc.o(.text)
    RCC_WaitForHSEStartUp                    0x080014db   Thumb Code    56  stm32f10x_rcc.o(.text)
    RCC_AdjustHSICalibrationValue            0x08001513   Thumb Code    20  stm32f10x_rcc.o(.text)
    RCC_HSICmd                               0x08001527   Thumb Code     6  stm32f10x_rcc.o(.text)
    RCC_PLLConfig                            0x0800152d   Thumb Code    24  stm32f10x_rcc.o(.text)
    RCC_PLLCmd                               0x08001545   Thumb Code     6  stm32f10x_rcc.o(.text)
    RCC_SYSCLKConfig                         0x0800154b   Thumb Code    18  stm32f10x_rcc.o(.text)
    RCC_GetSYSCLKSource                      0x0800155d   Thumb Code    10  stm32f10x_rcc.o(.text)
    RCC_HCLKConfig                           0x08001567   Thumb Code    18  stm32f10x_rcc.o(.text)
    RCC_PCLK1Config                          0x08001579   Thumb Code    18  stm32f10x_rcc.o(.text)
    RCC_PCLK2Config                          0x0800158b   Thumb Code    20  stm32f10x_rcc.o(.text)
    RCC_ITConfig                             0x0800159f   Thumb Code    26  stm32f10x_rcc.o(.text)
    RCC_USBCLKConfig                         0x080015b9   Thumb Code     8  stm32f10x_rcc.o(.text)
    RCC_ADCCLKConfig                         0x080015c1   Thumb Code    18  stm32f10x_rcc.o(.text)
    RCC_LSEConfig                            0x080015d3   Thumb Code    50  stm32f10x_rcc.o(.text)
    RCC_LSICmd                               0x08001605   Thumb Code     6  stm32f10x_rcc.o(.text)
    RCC_RTCCLKConfig                         0x0800160b   Thumb Code    12  stm32f10x_rcc.o(.text)
    RCC_RTCCLKCmd                            0x08001617   Thumb Code     8  stm32f10x_rcc.o(.text)
    RCC_GetClocksFreq                        0x0800161f   Thumb Code   192  stm32f10x_rcc.o(.text)
    RCC_AHBPeriphClockCmd                    0x080016df   Thumb Code    26  stm32f10x_rcc.o(.text)
    RCC_APB2PeriphClockCmd                   0x080016f9   Thumb Code    26  stm32f10x_rcc.o(.text)
    RCC_APB1PeriphClockCmd                   0x08001713   Thumb Code    26  stm32f10x_rcc.o(.text)
    RCC_APB2PeriphResetCmd                   0x0800172d   Thumb Code    26  stm32f10x_rcc.o(.text)
    RCC_APB1PeriphResetCmd                   0x08001747   Thumb Code    26  stm32f10x_rcc.o(.text)
    RCC_BackupResetCmd                       0x08001761   Thumb Code     8  stm32f10x_rcc.o(.text)
    RCC_ClockSecuritySystemCmd               0x08001769   Thumb Code     6  stm32f10x_rcc.o(.text)
    RCC_MCOConfig                            0x0800176f   Thumb Code     6  stm32f10x_rcc.o(.text)
    RCC_ClearFlag                            0x08001775   Thumb Code    14  stm32f10x_rcc.o(.text)
    RCC_GetITStatus                          0x08001783   Thumb Code    20  stm32f10x_rcc.o(.text)
    RCC_ClearITPendingBit                    0x08001797   Thumb Code     6  stm32f10x_rcc.o(.text)
    TIM_DeInit                               0x080017c1   Thumb Code   424  stm32f10x_tim.o(.text)
    TIM_TimeBaseInit                         0x08001969   Thumb Code   122  stm32f10x_tim.o(.text)
    TIM_OC1Init                              0x080019e3   Thumb Code   132  stm32f10x_tim.o(.text)
    TIM_OC2Init                              0x08001a67   Thumb Code   154  stm32f10x_tim.o(.text)
    TIM_OC3Init                              0x08001b01   Thumb Code   150  stm32f10x_tim.o(.text)
    TIM_OC4Init                              0x08001b97   Thumb Code   182  stm32f10x_tim.o(.text)
    TIM_SetIC4Prescaler                      0x08001c4d   Thumb Code    26  stm32f10x_tim.o(.text)
    TIM_SetIC3Prescaler                      0x08001ce9   Thumb Code    18  stm32f10x_tim.o(.text)
    TIM_SetIC2Prescaler                      0x08001d75   Thumb Code    26  stm32f10x_tim.o(.text)
    TIM_SetIC1Prescaler                      0x08001e11   Thumb Code    18  stm32f10x_tim.o(.text)
    TIM_ICInit                               0x08001e8f   Thumb Code   150  stm32f10x_tim.o(.text)
    TIM_PWMIConfig                           0x08001f25   Thumb Code   124  stm32f10x_tim.o(.text)
    TIM_BDTRConfig                           0x08001fa1   Thumb Code    32  stm32f10x_tim.o(.text)
    TIM_TimeBaseStructInit                   0x08001fc1   Thumb Code    18  stm32f10x_tim.o(.text)
    TIM_OCStructInit                         0x08001fd3   Thumb Code    20  stm32f10x_tim.o(.text)
    TIM_ICStructInit                         0x08001fe7   Thumb Code    18  stm32f10x_tim.o(.text)
    TIM_BDTRStructInit                       0x08001ff9   Thumb Code    40  stm32f10x_tim.o(.text)
    TIM_Cmd                                  0x08002021   Thumb Code    24  stm32f10x_tim.o(.text)
    TIM_CtrlPWMOutputs                       0x08002039   Thumb Code    30  stm32f10x_tim.o(.text)
    TIM_ITConfig                             0x08002057   Thumb Code    18  stm32f10x_tim.o(.text)
    TIM_GenerateEvent                        0x08002069   Thumb Code     4  stm32f10x_tim.o(.text)
    TIM_DMAConfig                            0x0800206d   Thumb Code    10  stm32f10x_tim.o(.text)
    TIM_DMACmd                               0x08002077   Thumb Code    18  stm32f10x_tim.o(.text)
    TIM_InternalClockConfig                  0x08002089   Thumb Code    12  stm32f10x_tim.o(.text)
    TIM_SelectInputTrigger                   0x08002095   Thumb Code    18  stm32f10x_tim.o(.text)
    TIM_ITRxExternalClockConfig              0x080020a7   Thumb Code    24  stm32f10x_tim.o(.text)
    TIM_TIxExternalClockConfig               0x080020bf   Thumb Code    62  stm32f10x_tim.o(.text)
    TIM_ETRConfig                            0x080020fd   Thumb Code    28  stm32f10x_tim.o(.text)
    TIM_ETRClockMode1Config                  0x08002119   Thumb Code    54  stm32f10x_tim.o(.text)
    TIM_ETRClockMode2Config                  0x0800214f   Thumb Code    32  stm32f10x_tim.o(.text)
    TIM_PrescalerConfig                      0x0800216f   Thumb Code     6  stm32f10x_tim.o(.text)
    TIM_CounterModeConfig                    0x08002175   Thumb Code    18  stm32f10x_tim.o(.text)
    TIM_EncoderInterfaceConfig               0x08002187   Thumb Code    66  stm32f10x_tim.o(.text)
    TIM_ForcedOC1Config                      0x080021c9   Thumb Code    18  stm32f10x_tim.o(.text)
    TIM_ForcedOC2Config                      0x080021db   Thumb Code    26  stm32f10x_tim.o(.text)
    TIM_ForcedOC3Config                      0x080021f5   Thumb Code    18  stm32f10x_tim.o(.text)
    TIM_ForcedOC4Config                      0x08002207   Thumb Code    26  stm32f10x_tim.o(.text)
    TIM_ARRPreloadConfig                     0x08002221   Thumb Code    24  stm32f10x_tim.o(.text)
    TIM_SelectCOM                            0x08002239   Thumb Code    24  stm32f10x_tim.o(.text)
    TIM_SelectCCDMA                          0x08002251   Thumb Code    24  stm32f10x_tim.o(.text)
    TIM_CCPreloadControl                     0x08002269   Thumb Code    24  stm32f10x_tim.o(.text)
    TIM_OC1PreloadConfig                     0x08002281   Thumb Code    18  stm32f10x_tim.o(.text)
    TIM_OC2PreloadConfig                     0x08002293   Thumb Code    26  stm32f10x_tim.o(.text)
    TIM_OC3PreloadConfig                     0x080022ad   Thumb Code    18  stm32f10x_tim.o(.text)
    TIM_OC4PreloadConfig                     0x080022bf   Thumb Code    26  stm32f10x_tim.o(.text)
    TIM_OC1FastConfig                        0x080022d9   Thumb Code    18  stm32f10x_tim.o(.text)
    TIM_OC2FastConfig                        0x080022eb   Thumb Code    26  stm32f10x_tim.o(.text)
    TIM_OC3FastConfig                        0x08002305   Thumb Code    18  stm32f10x_tim.o(.text)
    TIM_OC4FastConfig                        0x08002317   Thumb Code    26  stm32f10x_tim.o(.text)
    TIM_ClearOC1Ref                          0x08002331   Thumb Code    18  stm32f10x_tim.o(.text)
    TIM_ClearOC2Ref                          0x08002343   Thumb Code    24  stm32f10x_tim.o(.text)
    TIM_ClearOC3Ref                          0x0800235b   Thumb Code    18  stm32f10x_tim.o(.text)
    TIM_ClearOC4Ref                          0x0800236d   Thumb Code    24  stm32f10x_tim.o(.text)
    TIM_OC1PolarityConfig                    0x08002385   Thumb Code    18  stm32f10x_tim.o(.text)
    TIM_OC1NPolarityConfig                   0x08002397   Thumb Code    18  stm32f10x_tim.o(.text)
    TIM_OC2PolarityConfig                    0x080023a9   Thumb Code    26  stm32f10x_tim.o(.text)
    TIM_OC2NPolarityConfig                   0x080023c3   Thumb Code    26  stm32f10x_tim.o(.text)
    TIM_OC3PolarityConfig                    0x080023dd   Thumb Code    26  stm32f10x_tim.o(.text)
    TIM_OC3NPolarityConfig                   0x080023f7   Thumb Code    26  stm32f10x_tim.o(.text)
    TIM_OC4PolarityConfig                    0x08002411   Thumb Code    26  stm32f10x_tim.o(.text)
    TIM_CCxCmd                               0x0800242b   Thumb Code    30  stm32f10x_tim.o(.text)
    TIM_CCxNCmd                              0x08002449   Thumb Code    30  stm32f10x_tim.o(.text)
    TIM_SelectOCxM                           0x08002467   Thumb Code    82  stm32f10x_tim.o(.text)
    TIM_UpdateDisableConfig                  0x080024b9   Thumb Code    24  stm32f10x_tim.o(.text)
    TIM_UpdateRequestConfig                  0x080024d1   Thumb Code    24  stm32f10x_tim.o(.text)
    TIM_SelectHallSensor                     0x080024e9   Thumb Code    24  stm32f10x_tim.o(.text)
    TIM_SelectOnePulseMode                   0x08002501   Thumb Code    18  stm32f10x_tim.o(.text)
    TIM_SelectOutputTrigger                  0x08002513   Thumb Code    18  stm32f10x_tim.o(.text)
    TIM_SelectSlaveMode                      0x08002525   Thumb Code    18  stm32f10x_tim.o(.text)
    TIM_SelectMasterSlaveMode                0x08002537   Thumb Code    18  stm32f10x_tim.o(.text)
    TIM_SetCounter                           0x08002549   Thumb Code     4  stm32f10x_tim.o(.text)
    TIM_SetAutoreload                        0x0800254d   Thumb Code     4  stm32f10x_tim.o(.text)
    TIM_SetCompare1                          0x08002551   Thumb Code     4  stm32f10x_tim.o(.text)
    TIM_SetCompare2                          0x08002555   Thumb Code     4  stm32f10x_tim.o(.text)
    TIM_SetCompare3                          0x08002559   Thumb Code     4  stm32f10x_tim.o(.text)
    TIM_SetCompare4                          0x0800255d   Thumb Code     6  stm32f10x_tim.o(.text)
    TIM_SetClockDivision                     0x08002563   Thumb Code    18  stm32f10x_tim.o(.text)
    TIM_GetCapture1                          0x08002575   Thumb Code     6  stm32f10x_tim.o(.text)
    TIM_GetCapture2                          0x0800257b   Thumb Code     6  stm32f10x_tim.o(.text)
    TIM_GetCapture3                          0x08002581   Thumb Code     6  stm32f10x_tim.o(.text)
    TIM_GetCapture4                          0x08002587   Thumb Code     8  stm32f10x_tim.o(.text)
    TIM_GetCounter                           0x0800258f   Thumb Code     6  stm32f10x_tim.o(.text)
    TIM_GetPrescaler                         0x08002595   Thumb Code     6  stm32f10x_tim.o(.text)
    TIM_GetFlagStatus                        0x0800259b   Thumb Code    18  stm32f10x_tim.o(.text)
    TIM_ClearFlag                            0x080025ad   Thumb Code     6  stm32f10x_tim.o(.text)
    TIM_GetITStatus                          0x080025b3   Thumb Code    34  stm32f10x_tim.o(.text)
    TIM_ClearITPendingBit                    0x080025d5   Thumb Code     6  stm32f10x_tim.o(.text)
    USART_DeInit                             0x080025dd   Thumb Code   134  stm32f10x_usart.o(.text)
    USART_Init                               0x08002663   Thumb Code   210  stm32f10x_usart.o(.text)
    USART_StructInit                         0x08002735   Thumb Code    24  stm32f10x_usart.o(.text)
    USART_ClockInit                          0x0800274d   Thumb Code    34  stm32f10x_usart.o(.text)
    USART_ClockStructInit                    0x0800276f   Thumb Code    12  stm32f10x_usart.o(.text)
    USART_Cmd                                0x0800277b   Thumb Code    24  stm32f10x_usart.o(.text)
    USART_ITConfig                           0x08002793   Thumb Code    74  stm32f10x_usart.o(.text)
    USART_DMACmd                             0x080027dd   Thumb Code    18  stm32f10x_usart.o(.text)
    USART_SetAddress                         0x080027ef   Thumb Code    18  stm32f10x_usart.o(.text)
    USART_WakeUpConfig                       0x08002801   Thumb Code    18  stm32f10x_usart.o(.text)
    USART_ReceiverWakeUpCmd                  0x08002813   Thumb Code    24  stm32f10x_usart.o(.text)
    USART_LINBreakDetectLengthConfig         0x0800282b   Thumb Code    18  stm32f10x_usart.o(.text)
    USART_LINCmd                             0x0800283d   Thumb Code    24  stm32f10x_usart.o(.text)
    USART_SendData                           0x08002855   Thumb Code     8  stm32f10x_usart.o(.text)
    USART_ReceiveData                        0x0800285d   Thumb Code    10  stm32f10x_usart.o(.text)
    USART_SendBreak                          0x08002867   Thumb Code    10  stm32f10x_usart.o(.text)
    USART_SetGuardTime                       0x08002871   Thumb Code    16  stm32f10x_usart.o(.text)
    USART_SetPrescaler                       0x08002881   Thumb Code    16  stm32f10x_usart.o(.text)
    USART_SmartCardCmd                       0x08002891   Thumb Code    24  stm32f10x_usart.o(.text)
    USART_SmartCardNACKCmd                   0x080028a9   Thumb Code    24  stm32f10x_usart.o(.text)
    USART_HalfDuplexCmd                      0x080028c1   Thumb Code    24  stm32f10x_usart.o(.text)
    USART_OverSampling8Cmd                   0x080028d9   Thumb Code    22  stm32f10x_usart.o(.text)
    USART_OneBitMethodCmd                    0x080028ef   Thumb Code    24  stm32f10x_usart.o(.text)
    USART_IrDAConfig                         0x08002907   Thumb Code    18  stm32f10x_usart.o(.text)
    USART_IrDACmd                            0x08002919   Thumb Code    24  stm32f10x_usart.o(.text)
    USART_GetFlagStatus                      0x08002931   Thumb Code    26  stm32f10x_usart.o(.text)
    USART_ClearFlag                          0x0800294b   Thumb Code    18  stm32f10x_usart.o(.text)
    USART_GetITStatus                        0x0800295d   Thumb Code    84  stm32f10x_usart.o(.text)
    USART_ClearITPendingBit                  0x080029b1   Thumb Code    52  stm32f10x_usart.o(.text)
    I2C_DeInit                               0x080029e5   Thumb Code    50  stm32f10x_i2c.o(.text)
    I2C_Init                                 0x08002a17   Thumb Code   222  stm32f10x_i2c.o(.text)
    I2C_StructInit                           0x08002af5   Thumb Code    30  stm32f10x_i2c.o(.text)
    I2C_Cmd                                  0x08002b13   Thumb Code    24  stm32f10x_i2c.o(.text)
    I2C_DMACmd                               0x08002b2b   Thumb Code    24  stm32f10x_i2c.o(.text)
    I2C_DMALastTransferCmd                   0x08002b43   Thumb Code    24  stm32f10x_i2c.o(.text)
    I2C_GenerateSTART                        0x08002b5b   Thumb Code    24  stm32f10x_i2c.o(.text)
    I2C_GenerateSTOP                         0x08002b73   Thumb Code    24  stm32f10x_i2c.o(.text)
    I2C_AcknowledgeConfig                    0x08002b8b   Thumb Code    24  stm32f10x_i2c.o(.text)
    I2C_OwnAddress2Config                    0x08002ba3   Thumb Code    22  stm32f10x_i2c.o(.text)
    I2C_DualAddressCmd                       0x08002bb9   Thumb Code    24  stm32f10x_i2c.o(.text)
    I2C_GeneralCallCmd                       0x08002bd1   Thumb Code    24  stm32f10x_i2c.o(.text)
    I2C_ITConfig                             0x08002be9   Thumb Code    18  stm32f10x_i2c.o(.text)
    I2C_SendData                             0x08002bfb   Thumb Code     4  stm32f10x_i2c.o(.text)
    I2C_ReceiveData                          0x08002bff   Thumb Code     8  stm32f10x_i2c.o(.text)
    I2C_Send7bitAddress                      0x08002c07   Thumb Code    18  stm32f10x_i2c.o(.text)
    I2C_ReadRegister                         0x08002c19   Thumb Code    22  stm32f10x_i2c.o(.text)
    I2C_SoftwareResetCmd                     0x08002c2f   Thumb Code    22  stm32f10x_i2c.o(.text)
    I2C_NACKPositionConfig                   0x08002c45   Thumb Code    28  stm32f10x_i2c.o(.text)
    I2C_SMBusAlertConfig                     0x08002c61   Thumb Code    28  stm32f10x_i2c.o(.text)
    I2C_TransmitPEC                          0x08002c7d   Thumb Code    24  stm32f10x_i2c.o(.text)
    I2C_PECPositionConfig                    0x08002c95   Thumb Code    28  stm32f10x_i2c.o(.text)
    I2C_CalculatePEC                         0x08002cb1   Thumb Code    24  stm32f10x_i2c.o(.text)
    I2C_GetPEC                               0x08002cc9   Thumb Code     8  stm32f10x_i2c.o(.text)
    I2C_ARPCmd                               0x08002cd1   Thumb Code    24  stm32f10x_i2c.o(.text)
    I2C_StretchClockCmd                      0x08002ce9   Thumb Code    24  stm32f10x_i2c.o(.text)
    I2C_FastModeDutyCycleConfig              0x08002d01   Thumb Code    28  stm32f10x_i2c.o(.text)
    I2C_CheckEvent                           0x08002d1d   Thumb Code    42  stm32f10x_i2c.o(.text)
    I2C_GetLastEvent                         0x08002d47   Thumb Code    26  stm32f10x_i2c.o(.text)
    I2C_GetFlagStatus                        0x08002d61   Thumb Code    58  stm32f10x_i2c.o(.text)
    I2C_ClearFlag                            0x08002d9b   Thumb Code    12  stm32f10x_i2c.o(.text)
    I2C_GetITStatus                          0x08002da7   Thumb Code    54  stm32f10x_i2c.o(.text)
    I2C_ClearITPendingBit                    0x08002ddd   Thumb Code    12  stm32f10x_i2c.o(.text)
    ADC_DeInit                               0x08002de9   Thumb Code    78  stm32f10x_adc.o(.text)
    ADC_Init                                 0x08002e37   Thumb Code    70  stm32f10x_adc.o(.text)
    ADC_StructInit                           0x08002e7d   Thumb Code    18  stm32f10x_adc.o(.text)
    ADC_Cmd                                  0x08002e8f   Thumb Code    22  stm32f10x_adc.o(.text)
    ADC_DMACmd                               0x08002ea5   Thumb Code    22  stm32f10x_adc.o(.text)
    ADC_ITConfig                             0x08002ebb   Thumb Code    24  stm32f10x_adc.o(.text)
    ADC_ResetCalibration                     0x08002ed3   Thumb Code    10  stm32f10x_adc.o(.text)
    ADC_GetResetCalibrationStatus            0x08002edd   Thumb Code    20  stm32f10x_adc.o(.text)
    ADC_StartCalibration                     0x08002ef1   Thumb Code    10  stm32f10x_adc.o(.text)
    ADC_GetCalibrationStatus                 0x08002efb   Thumb Code    20  stm32f10x_adc.o(.text)
    ADC_SoftwareStartConvCmd                 0x08002f0f   Thumb Code    22  stm32f10x_adc.o(.text)
    ADC_GetSoftwareStartConvStatus           0x08002f25   Thumb Code    20  stm32f10x_adc.o(.text)
    ADC_DiscModeChannelCountConfig           0x08002f39   Thumb Code    24  stm32f10x_adc.o(.text)
    ADC_DiscModeCmd                          0x08002f51   Thumb Code    22  stm32f10x_adc.o(.text)
    ADC_RegularChannelConfig                 0x08002f67   Thumb Code   184  stm32f10x_adc.o(.text)
    ADC_ExternalTrigConvCmd                  0x0800301f   Thumb Code    22  stm32f10x_adc.o(.text)
    ADC_GetConversionValue                   0x08003035   Thumb Code     8  stm32f10x_adc.o(.text)
    ADC_GetDualModeConversionValue           0x0800303d   Thumb Code     8  stm32f10x_adc.o(.text)
    ADC_AutoInjectedConvCmd                  0x08003045   Thumb Code    22  stm32f10x_adc.o(.text)
    ADC_InjectedDiscModeCmd                  0x0800305b   Thumb Code    22  stm32f10x_adc.o(.text)
    ADC_ExternalTrigInjectedConvConfig       0x08003071   Thumb Code    16  stm32f10x_adc.o(.text)
    ADC_ExternalTrigInjectedConvCmd          0x08003081   Thumb Code    22  stm32f10x_adc.o(.text)
    ADC_SoftwareStartInjectedConvCmd         0x08003097   Thumb Code    22  stm32f10x_adc.o(.text)
    ADC_GetSoftwareStartInjectedConvCmdStatus 0x080030ad   Thumb Code    20  stm32f10x_adc.o(.text)
    ADC_InjectedChannelConfig                0x080030c1   Thumb Code   130  stm32f10x_adc.o(.text)
    ADC_InjectedSequencerLengthConfig        0x08003143   Thumb Code    24  stm32f10x_adc.o(.text)
    ADC_SetInjectedOffset                    0x0800315b   Thumb Code    20  stm32f10x_adc.o(.text)
    ADC_GetInjectedConversionValue           0x0800316f   Thumb Code    28  stm32f10x_adc.o(.text)
    ADC_AnalogWatchdogCmd                    0x0800318b   Thumb Code    16  stm32f10x_adc.o(.text)
    ADC_AnalogWatchdogThresholdsConfig       0x0800319b   Thumb Code     6  stm32f10x_adc.o(.text)
    ADC_AnalogWatchdogSingleChannelConfig    0x080031a1   Thumb Code    16  stm32f10x_adc.o(.text)
    ADC_TempSensorVrefintCmd                 0x080031b1   Thumb Code    64  stm32f10x_adc.o(.text)
    ADC_GetFlagStatus                        0x080031f1   Thumb Code    18  stm32f10x_adc.o(.text)
    ADC_ClearFlag                            0x08003203   Thumb Code     6  stm32f10x_adc.o(.text)
    ADC_GetITStatus                          0x08003209   Thumb Code    36  stm32f10x_adc.o(.text)
    ADC_ClearITPendingBit                    0x0800322d   Thumb Code    10  stm32f10x_adc.o(.text)
    SystemInit                               0x08003317   Thumb Code    78  system_stm32f10x.o(.text)
    SystemCoreClockUpdate                    0x08003365   Thumb Code   142  system_stm32f10x.o(.text)
    Reset_Handler                            0x08003419   Thumb Code     8  startup_stm32f10x_md.o(.text)
    ADC1_2_IRQHandler                        0x08003433   Thumb Code     0  startup_stm32f10x_md.o(.text)
    CAN1_RX1_IRQHandler                      0x08003433   Thumb Code     0  startup_stm32f10x_md.o(.text)
    CAN1_SCE_IRQHandler                      0x08003433   Thumb Code     0  startup_stm32f10x_md.o(.text)
    DMA1_Channel1_IRQHandler                 0x08003433   Thumb Code     0  startup_stm32f10x_md.o(.text)
    DMA1_Channel2_IRQHandler                 0x08003433   Thumb Code     0  startup_stm32f10x_md.o(.text)
    DMA1_Channel3_IRQHandler                 0x08003433   Thumb Code     0  startup_stm32f10x_md.o(.text)
    DMA1_Channel4_IRQHandler                 0x08003433   Thumb Code     0  startup_stm32f10x_md.o(.text)
    DMA1_Channel5_IRQHandler                 0x08003433   Thumb Code     0  startup_stm32f10x_md.o(.text)
    DMA1_Channel6_IRQHandler                 0x08003433   Thumb Code     0  startup_stm32f10x_md.o(.text)
    DMA1_Channel7_IRQHandler                 0x08003433   Thumb Code     0  startup_stm32f10x_md.o(.text)
    EXTI0_IRQHandler                         0x08003433   Thumb Code     0  startup_stm32f10x_md.o(.text)
    EXTI15_10_IRQHandler                     0x08003433   Thumb Code     0  startup_stm32f10x_md.o(.text)
    EXTI1_IRQHandler                         0x08003433   Thumb Code     0  startup_stm32f10x_md.o(.text)
    EXTI2_IRQHandler                         0x08003433   Thumb Code     0  startup_stm32f10x_md.o(.text)
    EXTI3_IRQHandler                         0x08003433   Thumb Code     0  startup_stm32f10x_md.o(.text)
    EXTI4_IRQHandler                         0x08003433   Thumb Code     0  startup_stm32f10x_md.o(.text)
    EXTI9_5_IRQHandler                       0x08003433   Thumb Code     0  startup_stm32f10x_md.o(.text)
    FLASH_IRQHandler                         0x08003433   Thumb Code     0  startup_stm32f10x_md.o(.text)
    I2C1_ER_IRQHandler                       0x08003433   Thumb Code     0  startup_stm32f10x_md.o(.text)
    I2C1_EV_IRQHandler                       0x08003433   Thumb Code     0  startup_stm32f10x_md.o(.text)
    I2C2_ER_IRQHandler                       0x08003433   Thumb Code     0  startup_stm32f10x_md.o(.text)
    I2C2_EV_IRQHandler                       0x08003433   Thumb Code     0  startup_stm32f10x_md.o(.text)
    PVD_IRQHandler                           0x08003433   Thumb Code     0  startup_stm32f10x_md.o(.text)
    RCC_IRQHandler                           0x08003433   Thumb Code     0  startup_stm32f10x_md.o(.text)
    RTCAlarm_IRQHandler                      0x08003433   Thumb Code     0  startup_stm32f10x_md.o(.text)
    RTC_IRQHandler                           0x08003433   Thumb Code     0  startup_stm32f10x_md.o(.text)
    SPI1_IRQHandler                          0x08003433   Thumb Code     0  startup_stm32f10x_md.o(.text)
    SPI2_IRQHandler                          0x08003433   Thumb Code     0  startup_stm32f10x_md.o(.text)
    TAMPER_IRQHandler                        0x08003433   Thumb Code     0  startup_stm32f10x_md.o(.text)
    TIM1_BRK_IRQHandler                      0x08003433   Thumb Code     0  startup_stm32f10x_md.o(.text)
    TIM1_CC_IRQHandler                       0x08003433   Thumb Code     0  startup_stm32f10x_md.o(.text)
    TIM1_TRG_COM_IRQHandler                  0x08003433   Thumb Code     0  startup_stm32f10x_md.o(.text)
    TIM1_UP_IRQHandler                       0x08003433   Thumb Code     0  startup_stm32f10x_md.o(.text)
    TIM3_IRQHandler                          0x08003433   Thumb Code     0  startup_stm32f10x_md.o(.text)
    USART3_IRQHandler                        0x08003433   Thumb Code     0  startup_stm32f10x_md.o(.text)
    USBWakeUp_IRQHandler                     0x08003433   Thumb Code     0  startup_stm32f10x_md.o(.text)
    USB_HP_CAN1_TX_IRQHandler                0x08003433   Thumb Code     0  startup_stm32f10x_md.o(.text)
    USB_LP_CAN1_RX0_IRQHandler               0x08003433   Thumb Code     0  startup_stm32f10x_md.o(.text)
    WWDG_IRQHandler                          0x08003433   Thumb Code     0  startup_stm32f10x_md.o(.text)
    __user_initial_stackheap                 0x08003435   Thumb Code     0  startup_stm32f10x_md.o(.text)
    __2sprintf                               0x08003459   Thumb Code    34  noretval__2sprintf.o(.text)
    _printf_pre_padding                      0x08003481   Thumb Code    44  _printf_pad.o(.text)
    _printf_post_padding                     0x080034ad   Thumb Code    34  _printf_pad.o(.text)
    _printf_int_dec                          0x080034d1   Thumb Code   104  _printf_dec.o(.text)
    __printf                                 0x08003549   Thumb Code   308  __printf_flags_wp.o(.text)
    strstr                                   0x08003681   Thumb Code    36  strstr.o(.text)
    __use_two_region_memory                  0x080036a5   Thumb Code     2  heapauxi.o(.text)
    __rt_heap_escrow$2region                 0x080036a7   Thumb Code     2  heapauxi.o(.text)
    __rt_heap_expand$2region                 0x080036a9   Thumb Code     2  heapauxi.o(.text)
    _printf_int_common                       0x080036ab   Thumb Code   178  _printf_intcommon.o(.text)
    _printf_char_common                      0x08003767   Thumb Code    32  _printf_char_common.o(.text)
    _sputc                                   0x0800378d   Thumb Code    10  _sputc.o(.text)
    __user_setup_stackheap                   0x08003797   Thumb Code    74  sys_stackheap_outer.o(.text)
    exit                                     0x080037e1   Thumb Code    12  exit.o(.text)
    __user_libspace                          0x080037ed   Thumb Code     8  libspace.o(.text)
    __user_perproc_libspace                  0x080037ed   Thumb Code     0  libspace.o(.text)
    __user_perthread_libspace                0x080037ed   Thumb Code     0  libspace.o(.text)
    _sys_exit                                0x080037f5   Thumb Code     8  sys_exit.o(.text)
    __I$use$semihosting                      0x08003801   Thumb Code     0  use_no_semi.o(.text)
    __use_no_semihosting_swi                 0x08003801   Thumb Code     2  use_no_semi.o(.text)
    __semihosting_library_function           0x08003803   Thumb Code     0  indicate_semi.o(.text)
    _is_digit                                0x08003803   Thumb Code    14  __printf_wp.o(i._is_digit)
    __aeabi_d2f                              0x08003811   Thumb Code     0  d2f.o(x$fpl$d2f)
    _d2f                                     0x08003811   Thumb Code    98  d2f.o(x$fpl$d2f)
    __aeabi_ddiv                             0x08003875   Thumb Code     0  ddiv.o(x$fpl$ddiv)
    _ddiv                                    0x08003875   Thumb Code   552  ddiv.o(x$fpl$ddiv)
    __aeabi_dmul                             0x08003b25   Thumb Code     0  dmul.o(x$fpl$dmul)
    _dmul                                    0x08003b25   Thumb Code   332  dmul.o(x$fpl$dmul)
    __fpl_dnaninf                            0x08003c79   Thumb Code   156  dnaninf.o(x$fpl$dnaninf)
    __fpl_dretinf                            0x08003d15   Thumb Code    12  dretinf.o(x$fpl$dretinf)
    __aeabi_f2d                              0x08003d21   Thumb Code     0  f2d.o(x$fpl$f2d)
    _f2d                                     0x08003d21   Thumb Code    86  f2d.o(x$fpl$f2d)
    __aeabi_fadd                             0x08003d79   Thumb Code     0  faddsub_clz.o(x$fpl$fadd)
    _fadd                                    0x08003d79   Thumb Code   196  faddsub_clz.o(x$fpl$fadd)
    __aeabi_f2iz                             0x08003e3d   Thumb Code     0  ffix.o(x$fpl$ffix)
    _ffix                                    0x08003e3d   Thumb Code    54  ffix.o(x$fpl$ffix)
    __aeabi_f2uiz                            0x08003e75   Thumb Code     0  ffixu.o(x$fpl$ffixu)
    _ffixu                                   0x08003e75   Thumb Code    62  ffixu.o(x$fpl$ffixu)
    __aeabi_ui2f                             0x08003eb5   Thumb Code     0  fflt_clz.o(x$fpl$ffltu)
    _ffltu                                   0x08003eb5   Thumb Code    38  fflt_clz.o(x$fpl$ffltu)
    __aeabi_fmul                             0x08003edd   Thumb Code     0  fmul.o(x$fpl$fmul)
    _fmul                                    0x08003edd   Thumb Code   258  fmul.o(x$fpl$fmul)
    __fpl_fnaninf                            0x08003fdf   Thumb Code   140  fnaninf.o(x$fpl$fnaninf)
    __fpl_fretinf                            0x0800406b   Thumb Code    10  fretinf.o(x$fpl$fretinf)
    __aeabi_frsub                            0x08004075   Thumb Code     0  faddsub_clz.o(x$fpl$frsb)
    _frsb                                    0x08004075   Thumb Code    20  faddsub_clz.o(x$fpl$frsb)
    __aeabi_fsub                             0x08004089   Thumb Code     0  faddsub_clz.o(x$fpl$fsub)
    _fsub                                    0x08004089   Thumb Code   234  faddsub_clz.o(x$fpl$fsub)
    F6x8                                     0x08004172   Data         552  oled_i2c.o(.constdata)
    __I$use$fp                               0x08004172   Number         0  usenofp.o(x$fpl$usenofp)
    F8X16                                    0x0800439a   Data        1520  oled_i2c.o(.constdata)
    Region$$Table$$Base                      0x0800499c   Number         0  anon$$obj.o(Region$$Table)
    Region$$Table$$Limit                     0x080049bc   Number         0  anon$$obj.o(Region$$Table)
    Times                                    0x20000000   Data           1  main.o(.data)
    First_Int                                0x20000001   Data           1  main.o(.data)
    shijian                                  0x20000002   Data           1  main.o(.data)
    Timer0_start                             0x20000003   Data           1  main.o(.data)
    adcx                                     0x20000004   Data           2  main.o(.data)
    temp                                     0x20000008   Data           4  main.o(.data)
    reclen                                   0x2000000c   Data           1  main.o(.data)
    i                                        0x20000010   Data           4  main.o(.data)
    Usart1_R_State                           0x2000001a   Data           1  usart.o(.data)
    Usart1_R_Count                           0x2000001c   Data           2  usart.o(.data)
    USART1_RX_STA                            0x2000001e   Data           2  usart.o(.data)
    F16x16                                   0x20000024   Data         160  oled_i2c.o(.data)
    BMP1                                     0x200000c4   Data        1024  oled_i2c.o(.data)
    SystemCoreClock                          0x200004d8   Data           4  system_stm32f10x.o(.data)
    AHBPrescTable                            0x200004dc   Data          16  system_stm32f10x.o(.data)
    Uart2_Buf                                0x200004ec   Data         200  main.o(.bss)
    content                                  0x200005b4   Data         200  main.o(.bss)
    display1                                 0x2000067c   Data          16  main.o(.bss)
    display2                                 0x2000068c   Data          16  main.o(.bss)
    display3                                 0x2000069c   Data          16  main.o(.bss)
    display4                                 0x200006ac   Data          16  main.o(.bss)
    Usart1_R_Buff                            0x200006bc   Data         200  usart.o(.bss)
    USART1_RX_BUF                            0x20000784   Data         200  usart.o(.bss)
    __libspace_start                         0x2000084c   Data          96  libspace.o(.bss)
    __temporary_stack_top$libspace           0x200008ac   Data           0  libspace.o(.bss)



==============================================================================

Memory Map of the image

  Image Entry point : 0x080000ed

  Load Region LR_IROM1 (Base: 0x08000000, Size: 0x00004ea8, Max: 0x00010000, ABSOLUTE, COMPRESSED[0x00004b84])

    Execution Region ER_IROM1 (Base: 0x08000000, Size: 0x000049bc, Max: 0x00010000, ABSOLUTE)

    Base Addr    Size         Type   Attr      Idx    E Section Name        Object

    0x08000000   0x000000ec   Data   RO          354    RESET               startup_stm32f10x_md.o
    0x080000ec   0x00000008   Code   RO          397  * !!!main             c_w.l(__main.o)
    0x080000f4   0x00000034   Code   RO          605    !!!scatter          c_w.l(__scatter.o)
    0x08000128   0x0000005a   Code   RO          603    !!dczerorl2         c_w.l(__dczerorl2.o)
    0x08000182   0x00000002   PAD
    0x08000184   0x0000001c   Code   RO          607    !!handler_zi        c_w.l(__scatter_zi.o)
    0x080001a0   0x00000000   Code   RO          392    .ARM.Collect$$_printf_percent$$00000000  c_w.l(_printf_percent.o)
    0x080001a0   0x00000006   Code   RO          391    .ARM.Collect$$_printf_percent$$00000009  c_w.l(_printf_d.o)
    0x080001a6   0x00000004   Code   RO          438    .ARM.Collect$$_printf_percent$$00000017  c_w.l(_printf_percent_end.o)
    0x080001aa   0x00000002   Code   RO          474    .ARM.Collect$$libinit$$00000000  c_w.l(libinit.o)
    0x080001ac   0x00000000   Code   RO          481    .ARM.Collect$$libinit$$00000002  c_w.l(libinit2.o)
    0x080001ac   0x00000000   Code   RO          483    .ARM.Collect$$libinit$$00000004  c_w.l(libinit2.o)
    0x080001ac   0x00000000   Code   RO          486    .ARM.Collect$$libinit$$0000000A  c_w.l(libinit2.o)
    0x080001ac   0x00000000   Code   RO          488    .ARM.Collect$$libinit$$0000000C  c_w.l(libinit2.o)
    0x080001ac   0x00000000   Code   RO          490    .ARM.Collect$$libinit$$0000000E  c_w.l(libinit2.o)
    0x080001ac   0x00000000   Code   RO          493    .ARM.Collect$$libinit$$00000011  c_w.l(libinit2.o)
    0x080001ac   0x00000000   Code   RO          495    .ARM.Collect$$libinit$$00000013  c_w.l(libinit2.o)
    0x080001ac   0x00000000   Code   RO          497    .ARM.Collect$$libinit$$00000015  c_w.l(libinit2.o)
    0x080001ac   0x00000000   Code   RO          499    .ARM.Collect$$libinit$$00000017  c_w.l(libinit2.o)
    0x080001ac   0x00000000   Code   RO          501    .ARM.Collect$$libinit$$00000019  c_w.l(libinit2.o)
    0x080001ac   0x00000000   Code   RO          503    .ARM.Collect$$libinit$$0000001B  c_w.l(libinit2.o)
    0x080001ac   0x00000000   Code   RO          505    .ARM.Collect$$libinit$$0000001D  c_w.l(libinit2.o)
    0x080001ac   0x00000000   Code   RO          507    .ARM.Collect$$libinit$$0000001F  c_w.l(libinit2.o)
    0x080001ac   0x00000000   Code   RO          509    .ARM.Collect$$libinit$$00000021  c_w.l(libinit2.o)
    0x080001ac   0x00000000   Code   RO          511    .ARM.Collect$$libinit$$00000023  c_w.l(libinit2.o)
    0x080001ac   0x00000000   Code   RO          513    .ARM.Collect$$libinit$$00000025  c_w.l(libinit2.o)
    0x080001ac   0x00000000   Code   RO          517    .ARM.Collect$$libinit$$0000002C  c_w.l(libinit2.o)
    0x080001ac   0x00000000   Code   RO          519    .ARM.Collect$$libinit$$0000002E  c_w.l(libinit2.o)
    0x080001ac   0x00000000   Code   RO          521    .ARM.Collect$$libinit$$00000030  c_w.l(libinit2.o)
    0x080001ac   0x00000000   Code   RO          523    .ARM.Collect$$libinit$$00000032  c_w.l(libinit2.o)
    0x080001ac   0x00000002   Code   RO          524    .ARM.Collect$$libinit$$00000033  c_w.l(libinit2.o)
    0x080001ae   0x00000002   Code   RO          544    .ARM.Collect$$libshutdown$$00000000  c_w.l(libshutdown.o)
    0x080001b0   0x00000000   Code   RO          558    .ARM.Collect$$libshutdown$$00000003  c_w.l(libshutdown2.o)
    0x080001b0   0x00000000   Code   RO          561    .ARM.Collect$$libshutdown$$00000006  c_w.l(libshutdown2.o)
    0x080001b0   0x00000000   Code   RO          564    .ARM.Collect$$libshutdown$$00000009  c_w.l(libshutdown2.o)
    0x080001b0   0x00000000   Code   RO          566    .ARM.Collect$$libshutdown$$0000000B  c_w.l(libshutdown2.o)
    0x080001b0   0x00000000   Code   RO          569    .ARM.Collect$$libshutdown$$0000000E  c_w.l(libshutdown2.o)
    0x080001b0   0x00000002   Code   RO          570    .ARM.Collect$$libshutdown$$0000000F  c_w.l(libshutdown2.o)
    0x080001b2   0x00000000   Code   RO          431    .ARM.Collect$$rtentry$$00000000  c_w.l(__rtentry.o)
    0x080001b2   0x00000000   Code   RO          449    .ARM.Collect$$rtentry$$00000002  c_w.l(__rtentry2.o)
    0x080001b2   0x00000006   Code   RO          461    .ARM.Collect$$rtentry$$00000004  c_w.l(__rtentry4.o)
    0x080001b8   0x00000000   Code   RO          451    .ARM.Collect$$rtentry$$00000009  c_w.l(__rtentry2.o)
    0x080001b8   0x00000004   Code   RO          452    .ARM.Collect$$rtentry$$0000000A  c_w.l(__rtentry2.o)
    0x080001bc   0x00000000   Code   RO          454    .ARM.Collect$$rtentry$$0000000C  c_w.l(__rtentry2.o)
    0x080001bc   0x00000008   Code   RO          455    .ARM.Collect$$rtentry$$0000000D  c_w.l(__rtentry2.o)
    0x080001c4   0x00000002   Code   RO          478    .ARM.Collect$$rtexit$$00000000  c_w.l(rtexit.o)
    0x080001c6   0x00000000   Code   RO          526    .ARM.Collect$$rtexit$$00000002  c_w.l(rtexit2.o)
    0x080001c6   0x00000004   Code   RO          527    .ARM.Collect$$rtexit$$00000003  c_w.l(rtexit2.o)
    0x080001ca   0x00000006   Code   RO          528    .ARM.Collect$$rtexit$$00000004  c_w.l(rtexit2.o)
    0x080001d0   0x000003fc   Code   RO            1    .text               main.o
    0x080005cc   0x00000020   Code   RO           89    .text               stm32f10x_it.o
    0x080005ec   0x000000d4   Code   RO          104    .text               delay.o
    0x080006c0   0x000002c4   Code   RO          135    .text               usart.o
    0x08000984   0x0000002c   Code   RO          151    .text               led.o
    0x080009b0   0x000000d4   Code   RO          163    .text               systick.o
    0x08000a84   0x0000005c   Code   RO          181    .text               timer.o
    0x08000ae0   0x0000041c   Code   RO          194    .text               oled_i2c.o
    0x08000efc   0x000000e8   Code   RO          214    .text               adc.o
    0x08000fe4   0x000000dc   Code   RO          226    .text               misc.o
    0x080010c0   0x0000035c   Code   RO          250    .text               stm32f10x_gpio.o
    0x0800141c   0x000003a4   Code   RO          262    .text               stm32f10x_rcc.o
    0x080017c0   0x00000e1a   Code   RO          276    .text               stm32f10x_tim.o
    0x080025da   0x00000002   PAD
    0x080025dc   0x00000408   Code   RO          288    .text               stm32f10x_usart.o
    0x080029e4   0x00000404   Code   RO          300    .text               stm32f10x_i2c.o
    0x08002de8   0x0000044e   Code   RO          312    .text               stm32f10x_adc.o
    0x08003236   0x00000002   PAD
    0x08003238   0x000001e0   Code   RO          334    .text               system_stm32f10x.o
    0x08003418   0x00000040   Code   RO          355    .text               startup_stm32f10x_md.o
    0x08003458   0x00000028   Code   RO          363    .text               c_w.l(noretval__2sprintf.o)
    0x08003480   0x0000004e   Code   RO          367    .text               c_w.l(_printf_pad.o)
    0x080034ce   0x00000002   PAD
    0x080034d0   0x00000078   Code   RO          369    .text               c_w.l(_printf_dec.o)
    0x08003548   0x00000138   Code   RO          383    .text               c_w.l(__printf_flags_wp.o)
    0x08003680   0x00000024   Code   RO          393    .text               c_w.l(strstr.o)
    0x080036a4   0x00000006   Code   RO          395    .text               c_w.l(heapauxi.o)
    0x080036aa   0x000000b2   Code   RO          432    .text               c_w.l(_printf_intcommon.o)
    0x0800375c   0x00000030   Code   RO          434    .text               c_w.l(_printf_char_common.o)
    0x0800378c   0x0000000a   Code   RO          436    .text               c_w.l(_sputc.o)
    0x08003796   0x0000004a   Code   RO          465    .text               c_w.l(sys_stackheap_outer.o)
    0x080037e0   0x0000000c   Code   RO          467    .text               c_w.l(exit.o)
    0x080037ec   0x00000008   Code   RO          475    .text               c_w.l(libspace.o)
    0x080037f4   0x0000000c   Code   RO          536    .text               c_w.l(sys_exit.o)
    0x08003800   0x00000002   Code   RO          547    .text               c_w.l(use_no_semi.o)
    0x08003802   0x00000000   Code   RO          549    .text               c_w.l(indicate_semi.o)
    0x08003802   0x0000000e   Code   RO          381    i._is_digit         c_w.l(__printf_wp.o)
    0x08003810   0x00000062   Code   RO          399    x$fpl$d2f           fz_ws.l(d2f.o)
    0x08003872   0x00000002   PAD
    0x08003874   0x000002b0   Code   RO          402    x$fpl$ddiv          fz_ws.l(ddiv.o)
    0x08003b24   0x00000154   Code   RO          405    x$fpl$dmul          fz_ws.l(dmul.o)
    0x08003c78   0x0000009c   Code   RO          439    x$fpl$dnaninf       fz_ws.l(dnaninf.o)
    0x08003d14   0x0000000c   Code   RO          441    x$fpl$dretinf       fz_ws.l(dretinf.o)
    0x08003d20   0x00000056   Code   RO          407    x$fpl$f2d           fz_ws.l(f2d.o)
    0x08003d76   0x00000002   PAD
    0x08003d78   0x000000c4   Code   RO          409    x$fpl$fadd          fz_ws.l(faddsub_clz.o)
    0x08003e3c   0x00000036   Code   RO          415    x$fpl$ffix          fz_ws.l(ffix.o)
    0x08003e72   0x00000002   PAD
    0x08003e74   0x0000003e   Code   RO          419    x$fpl$ffixu         fz_ws.l(ffixu.o)
    0x08003eb2   0x00000002   PAD
    0x08003eb4   0x00000026   Code   RO          423    x$fpl$ffltu         fz_ws.l(fflt_clz.o)
    0x08003eda   0x00000002   PAD
    0x08003edc   0x00000102   Code   RO          429    x$fpl$fmul          fz_ws.l(fmul.o)
    0x08003fde   0x0000008c   Code   RO          443    x$fpl$fnaninf       fz_ws.l(fnaninf.o)
    0x0800406a   0x0000000a   Code   RO          445    x$fpl$fretinf       fz_ws.l(fretinf.o)
    0x08004074   0x00000014   Code   RO          410    x$fpl$frsb          fz_ws.l(faddsub_clz.o)
    0x08004088   0x000000ea   Code   RO          411    x$fpl$fsub          fz_ws.l(faddsub_clz.o)
    0x08004172   0x00000000   Code   RO          447    x$fpl$usenofp       fz_ws.l(usenofp.o)
    0x08004172   0x00000818   Data   RO          195    .constdata          oled_i2c.o
    0x0800498a   0x00000011   Data   RO          384    .constdata          c_w.l(__printf_flags_wp.o)
    0x0800499b   0x00000001   PAD
    0x0800499c   0x00000020   Data   RO          601    Region$$Table       anon$$obj.o


    Execution Region RW_IRAM1 (Base: 0x20000000, Size: 0x00000eb0, Max: 0x00005000, ABSOLUTE, COMPRESSED[0x000001c8])

    Base Addr    Size         Type   Attr      Idx    E Section Name        Object

    0x20000000   0x00000015   Data   RW            3    .data               main.o
    0x20000015   0x00000001   PAD
    0x20000016   0x00000004   Data   RW          105    .data               delay.o
    0x2000001a   0x00000006   Data   RW          137    .data               usart.o
    0x20000020   0x00000004   Data   RW          164    .data               systick.o
    0x20000024   0x000004a0   Data   RW          196    .data               oled_i2c.o
    0x200004c4   0x00000014   Data   RW          263    .data               stm32f10x_rcc.o
    0x200004d8   0x00000014   Data   RW          335    .data               system_stm32f10x.o
    0x200004ec   0x000001d0   Zero   RW            2    .bss                main.o
    0x200006bc   0x00000190   Zero   RW          136    .bss                usart.o
    0x2000084c   0x00000060   Zero   RW          476    .bss                c_w.l(libspace.o)
    0x200008ac   0x00000004   PAD
    0x200008b0   0x00000200   Zero   RW          353    HEAP                startup_stm32f10x_md.o
    0x20000ab0   0x00000400   Zero   RW          352    STACK               startup_stm32f10x_md.o


==============================================================================

Image component sizes


      Code (inc. data)   RO Data    RW Data    ZI Data      Debug   Object Name

       232          8          0          0          0       1043   adc.o
       212         18          0          4          0        983   delay.o
        44          4          0          0          0        462   led.o
      1020        230          0         21        464     263695   main.o
       220         22          0          0          0       1709   misc.o
      1052         34       2072       1184          0      11761   oled_i2c.o
        64         26        236          0       1536        812   startup_stm32f10x_md.o
      1102         26          0          0          0      10741   stm32f10x_adc.o
       860         38          0          0          0       5553   stm32f10x_gpio.o
      1028         16          0          0          0       9015   stm32f10x_i2c.o
        32          0          0          0          0       1254   stm32f10x_it.o
       932         36          0         20          0       8696   stm32f10x_rcc.o
      3610         88          0          0          0      22036   stm32f10x_tim.o
      1032         22          0          0          0       8280   stm32f10x_usart.o
         0          0          0          0          0         32   sys.o
       480         38          0         20          0       1743   system_stm32f10x.o
       212         16          0          4          0      16421   systick.o
        92          0          0          0          0        549   timer.o
       708         26          0          6        400       2977   usart.o

    ----------------------------------------------------------------------
     12936        648       2340       1260       2400     367762   Object Totals
         0          0         32          0          0          0   (incl. Generated)
         4          0          0          1          0          0   (incl. Padding)

    ----------------------------------------------------------------------

      Code (inc. data)   RO Data    RW Data    ZI Data      Debug   Library Member Name

        90          0          0          0          0          0   __dczerorl2.o
         8          0          0          0          0         68   __main.o
       312          4         17          0          0         92   __printf_flags_wp.o
        14          0          0          0          0         68   __printf_wp.o
         0          0          0          0          0          0   __rtentry.o
        12          0          0          0          0          0   __rtentry2.o
         6          0          0          0          0          0   __rtentry4.o
        52          8          0          0          0          0   __scatter.o
        28          0          0          0          0          0   __scatter_zi.o
        48          6          0          0          0         96   _printf_char_common.o
         6          0          0          0          0          0   _printf_d.o
       120         16          0          0          0         92   _printf_dec.o
       178          0          0          0          0         88   _printf_intcommon.o
        78          0          0          0          0        108   _printf_pad.o
         0          0          0          0          0          0   _printf_percent.o
         4          0          0          0          0          0   _printf_percent_end.o
        10          0          0          0          0         68   _sputc.o
        12          0          0          0          0         72   exit.o
         6          0          0          0          0        152   heapauxi.o
         0          0          0          0          0          0   indicate_semi.o
         2          0          0          0          0          0   libinit.o
         2          0          0          0          0          0   libinit2.o
         2          0          0          0          0          0   libshutdown.o
         2          0          0          0          0          0   libshutdown2.o
         8          4          0          0         96         68   libspace.o
        40          6          0          0          0         84   noretval__2sprintf.o
         2          0          0          0          0          0   rtexit.o
        10          0          0          0          0          0   rtexit2.o
        36          0          0          0          0         80   strstr.o
        12          4          0          0          0         68   sys_exit.o
        74          0          0          0          0         80   sys_stackheap_outer.o
         2          0          0          0          0         68   use_no_semi.o
        98          4          0          0          0         92   d2f.o
       688        140          0          0          0        208   ddiv.o
       340         12          0          0          0        104   dmul.o
       156          4          0          0          0         92   dnaninf.o
        12          0          0          0          0         68   dretinf.o
        86          4          0          0          0         84   f2d.o
       450          8          0          0          0        236   faddsub_clz.o
        54          4          0          0          0         84   ffix.o
        62          4          0          0          0         84   ffixu.o
        38          0          0          0          0         68   fflt_clz.o
       258          4          0          0          0         84   fmul.o
       140          4          0          0          0         84   fnaninf.o
        10          0          0          0          0         68   fretinf.o
         0          0          0          0          0          0   usenofp.o

    ----------------------------------------------------------------------
      3582        236         18          0        100       2708   Library Totals
        14          0          1          0          4          0   (incl. Padding)

    ----------------------------------------------------------------------

      Code (inc. data)   RO Data    RW Data    ZI Data      Debug   Library Name

      1176         48         17          0         96       1352   c_w.l
      2392        188          0          0          0       1356   fz_ws.l

    ----------------------------------------------------------------------
      3582        236         18          0        100       2708   Library Totals

    ----------------------------------------------------------------------

==============================================================================


      Code (inc. data)   RO Data    RW Data    ZI Data      Debug   

     16518        884       2358       1260       2500     367450   Grand Totals
     16518        884       2358        456       2500     367450   ELF Image Totals (compressed)
     16518        884       2358        456          0          0   ROM Totals

==============================================================================

    Total RO  Size (Code + RO Data)                18876 (  18.43kB)
    Total RW  Size (RW Data + ZI Data)              3760 (   3.67kB)
    Total ROM Size (Code + RO Data + RW Data)      19332 (  18.88kB)

==============================================================================

